Component: ARM Compiler 5.06 update 7 (build 960) Tool: armlink [4d3601]

==============================================================================

Section Cross References

    startup_stm32f401xe.o(RESET) refers to startup_stm32f401xe.o(STACK) for __initial_sp
    startup_stm32f401xe.o(RESET) refers to startup_stm32f401xe.o(.text) for Reset_Handler
    startup_stm32f401xe.o(RESET) refers to stm32f4xx_it.o(i.NMI_Handler) for NMI_Handler
    startup_stm32f401xe.o(RESET) refers to stm32f4xx_it.o(i.HardFault_Handler) for HardFault_Handler
    startup_stm32f401xe.o(RESET) refers to stm32f4xx_it.o(i.MemManage_Handler) for MemManage_Handler
    startup_stm32f401xe.o(RESET) refers to stm32f4xx_it.o(i.BusFault_Handler) for BusFault_Handler
    startup_stm32f401xe.o(RESET) refers to stm32f4xx_it.o(i.UsageFault_Handler) for UsageFault_Handler
    startup_stm32f401xe.o(RESET) refers to stm32f4xx_it.o(i.SVC_Handler) for SVC_Handler
    startup_stm32f401xe.o(RESET) refers to stm32f4xx_it.o(i.DebugMon_Handler) for DebugMon_Handler
    startup_stm32f401xe.o(RESET) refers to stm32f4xx_it.o(i.PendSV_Handler) for PendSV_Handler
    startup_stm32f401xe.o(RESET) refers to stm32f4xx_it.o(i.SysTick_Handler) for SysTick_Handler
    startup_stm32f401xe.o(RESET) refers to stm32f4xx_it.o(i.OTG_FS_IRQHandler) for OTG_FS_IRQHandler
    startup_stm32f401xe.o(.text) refers to system_stm32f4xx.o(i.SystemInit) for SystemInit
    startup_stm32f401xe.o(.text) refers to entry.o(.ARM.Collect$$$$00000000) for __main
    main.o(i.SystemClock_Config) refers to stm32f4xx_hal_rcc.o(i.HAL_RCC_OscConfig) for HAL_RCC_OscConfig
    main.o(i.SystemClock_Config) refers to stm32f4xx_hal_rcc.o(i.HAL_RCC_ClockConfig) for HAL_RCC_ClockConfig
    main.o(i.main) refers to stm32f4xx_hal.o(i.HAL_Init) for HAL_Init
    main.o(i.main) refers to main.o(i.SystemClock_Config) for SystemClock_Config
    main.o(i.main) refers to stm32f4xx_hal_gpio.o(i.HAL_GPIO_WritePin) for HAL_GPIO_WritePin
    main.o(i.main) refers to stm32f4xx_hal_gpio.o(i.HAL_GPIO_Init) for HAL_GPIO_Init
    main.o(i.main) refers to usb_device.o(i.MX_USB_DEVICE_Init) for MX_USB_DEVICE_Init
    main.o(i.main) refers to stm32f4xx_hal_tim.o(i.HAL_TIM_Encoder_Init) for HAL_TIM_Encoder_Init
    main.o(i.main) refers to stm32f4xx_hal_tim_ex.o(i.HAL_TIMEx_MasterConfigSynchronization) for HAL_TIMEx_MasterConfigSynchronization
    main.o(i.main) refers to stm32f4xx_hal.o(i.HAL_Delay) for HAL_Delay
    main.o(i.main) refers to usbd_customhid.o(i.USBD_CUSTOM_HID_SendReport) for USBD_CUSTOM_HID_SendReport
    main.o(i.main) refers to main.o(.bss) for .bss
    main.o(i.main) refers to usbd_custom_hid_if.o(.data) for send_data
    main.o(i.main) refers to main.o(.data) for .data
    main.o(i.main) refers to usb_device.o(.bss) for hUsbDeviceFS
    stm32f4xx_it.o(i.OTG_FS_IRQHandler) refers to stm32f4xx_hal_pcd.o(i.HAL_PCD_IRQHandler) for HAL_PCD_IRQHandler
    stm32f4xx_it.o(i.OTG_FS_IRQHandler) refers to usbd_conf.o(.bss) for hpcd_USB_OTG_FS
    stm32f4xx_it.o(i.SysTick_Handler) refers to stm32f4xx_hal_gpio.o(i.HAL_GPIO_TogglePin) for HAL_GPIO_TogglePin
    stm32f4xx_it.o(i.SysTick_Handler) refers to stm32f4xx_hal.o(i.HAL_IncTick) for HAL_IncTick
    stm32f4xx_it.o(i.SysTick_Handler) refers to stm32f4xx_it.o(.data) for .data
    stm32f4xx_hal_msp.o(i.HAL_TIM_Encoder_MspDeInit) refers to stm32f4xx_hal_gpio.o(i.HAL_GPIO_DeInit) for HAL_GPIO_DeInit
    stm32f4xx_hal_msp.o(i.HAL_TIM_Encoder_MspInit) refers to stm32f4xx_hal_gpio.o(i.HAL_GPIO_Init) for HAL_GPIO_Init
    usb_device.o(i.MX_USB_DEVICE_Init) refers to usbd_core.o(i.USBD_Init) for USBD_Init
    usb_device.o(i.MX_USB_DEVICE_Init) refers to main.o(i.Error_Handler) for Error_Handler
    usb_device.o(i.MX_USB_DEVICE_Init) refers to usbd_core.o(i.USBD_RegisterClass) for USBD_RegisterClass
    usb_device.o(i.MX_USB_DEVICE_Init) refers to usbd_customhid.o(i.USBD_CUSTOM_HID_RegisterInterface) for USBD_CUSTOM_HID_RegisterInterface
    usb_device.o(i.MX_USB_DEVICE_Init) refers to usbd_core.o(i.USBD_Start) for USBD_Start
    usb_device.o(i.MX_USB_DEVICE_Init) refers to usbd_desc.o(.data) for FS_Desc
    usb_device.o(i.MX_USB_DEVICE_Init) refers to usb_device.o(.bss) for .bss
    usb_device.o(i.MX_USB_DEVICE_Init) refers to usbd_customhid.o(.data) for USBD_CUSTOM_HID
    usb_device.o(i.MX_USB_DEVICE_Init) refers to usbd_custom_hid_if.o(.data) for USBD_CustomHID_fops_FS
    usbd_desc.o(i.USBD_FS_ConfigStrDescriptor) refers to usbd_ctlreq.o(i.USBD_GetString) for USBD_GetString
    usbd_desc.o(i.USBD_FS_ConfigStrDescriptor) refers to usbd_desc.o(.bss) for .bss
    usbd_desc.o(i.USBD_FS_DeviceDescriptor) refers to usbd_desc.o(.data) for .data
    usbd_desc.o(i.USBD_FS_InterfaceStrDescriptor) refers to usbd_ctlreq.o(i.USBD_GetString) for USBD_GetString
    usbd_desc.o(i.USBD_FS_InterfaceStrDescriptor) refers to usbd_desc.o(.bss) for .bss
    usbd_desc.o(i.USBD_FS_LangIDStrDescriptor) refers to usbd_desc.o(.data) for .data
[...]
    Removing stm32f4xx_hal_tim.o(i.HAL_TIM_PWM_Stop_IT), (160 bytes).
    Removing stm32f4xx_hal_tim.o(i.HAL_TIM_PeriodElapsedCallback), (2 bytes).
    Removing stm32f4xx_hal_tim.o(i.HAL_TIM_PeriodElapsedHalfCpltCallback), (2 bytes).
    Removing stm32f4xx_hal_tim.o(i.HAL_TIM_ReadCapturedValue), (44 bytes).
    Removing stm32f4xx_hal_tim.o(i.HAL_TIM_SlaveConfigSynchro), (82 bytes).
    Removing stm32f4xx_hal_tim.o(i.HAL_TIM_SlaveConfigSynchro_IT), (82 bytes).
    Removing stm32f4xx_hal_tim.o(i.HAL_TIM_TriggerCallback), (2 bytes).
    Removing stm32f4xx_hal_tim.o(i.HAL_TIM_TriggerHalfCpltCallback), (2 bytes).
    Removing stm32f4xx_hal_tim.o(i.TIM_CCxChannelCmd), (30 bytes).
    Removing stm32f4xx_hal_tim.o(i.TIM_DMACaptureCplt), (118 bytes).
    Removing stm32f4xx_hal_tim.o(i.TIM_DMACaptureHalfCplt), (58 bytes).
    Removing stm32f4xx_hal_tim.o(i.TIM_DMADelayPulseCplt), (102 bytes).
    Removing stm32f4xx_hal_tim.o(i.TIM_DMADelayPulseHalfCplt), (58 bytes).
    Removing stm32f4xx_hal_tim.o(i.TIM_DMAError), (82 bytes).
    Removing stm32f4xx_hal_tim.o(i.TIM_DMAPeriodElapsedCplt), (24 bytes).
    Removing stm32f4xx_hal_tim.o(i.TIM_DMAPeriodElapsedHalfCplt), (10 bytes).
    Removing stm32f4xx_hal_tim.o(i.TIM_DMATriggerCplt), (24 bytes).
    Removing stm32f4xx_hal_tim.o(i.TIM_DMATriggerHalfCplt), (10 bytes).
    Removing stm32f4xx_hal_tim.o(i.TIM_ETR_SetConfig), (22 bytes).
    Removing stm32f4xx_hal_tim.o(i.TIM_OC1_SetConfig), (96 bytes).
    Removing stm32f4xx_hal_tim.o(i.TIM_OC2_SetConfig), (96 bytes).
    Removing stm32f4xx_hal_tim.o(i.TIM_SlaveTimer_SetConfig), (224 bytes).
    Removing stm32f4xx_hal_tim.o(i.TIM_TI1_SetConfig), (120 bytes).
    Removing stm32f4xx_hal_tim_ex.o(.rev16_text), (4 bytes).
    Removing stm32f4xx_hal_tim_ex.o(.revsh_text), (4 bytes).
    Removing stm32f4xx_hal_tim_ex.o(.rrx_text), (6 bytes).
    Removing stm32f4xx_hal_tim_ex.o(i.HAL_TIMEx_BreakCallback), (2 bytes).
    Removing stm32f4xx_hal_tim_ex.o(i.HAL_TIMEx_CommutCallback), (2 bytes).
    Removing stm32f4xx_hal_tim_ex.o(i.HAL_TIMEx_CommutHalfCpltCallback), (2 bytes).
    Removing stm32f4xx_hal_tim_ex.o(i.HAL_TIMEx_ConfigBreakDeadTime), (102 bytes).
    Removing stm32f4xx_hal_tim_ex.o(i.HAL_TIMEx_ConfigCommutEvent), (122 bytes).
    Removing stm32f4xx_hal_tim_ex.o(i.HAL_TIMEx_ConfigCommutEvent_DMA), (152 bytes).
    Removing stm32f4xx_hal_tim_ex.o(i.HAL_TIMEx_ConfigCommutEvent_IT), (122 bytes).
    Removing stm32f4xx_hal_tim_ex.o(i.HAL_TIMEx_GetChannelNState), (34 bytes).
    Removing stm32f4xx_hal_tim_ex.o(i.HAL_TIMEx_HallSensor_DeInit), (76 bytes).
    Removing stm32f4xx_hal_tim_ex.o(i.HAL_TIMEx_HallSensor_GetState), (6 bytes).
    Removing stm32f4xx_hal_tim_ex.o(i.HAL_TIMEx_HallSensor_Init), (208 bytes).
    Removing stm32f4xx_hal_tim_ex.o(i.HAL_TIMEx_HallSensor_MspDeInit), (2 bytes).
    Removing stm32f4xx_hal_tim_ex.o(i.HAL_TIMEx_HallSensor_MspInit), (2 bytes).
    Removing stm32f4xx_hal_tim_ex.o(i.HAL_TIMEx_HallSensor_Start), (156 bytes).
    Removing stm32f4xx_hal_tim_ex.o(i.HAL_TIMEx_HallSensor_Start_DMA), (208 bytes).
    Removing stm32f4xx_hal_tim_ex.o(i.HAL_TIMEx_HallSensor_Start_IT), (166 bytes).
    Removing stm32f4xx_hal_tim_ex.o(i.HAL_TIMEx_HallSensor_Stop), (64 bytes).
    Removing stm32f4xx_hal_tim_ex.o(i.HAL_TIMEx_HallSensor_Stop_DMA), (72 bytes).
    Removing stm32f4xx_hal_tim_ex.o(i.HAL_TIMEx_HallSensor_Stop_IT), (74 bytes).
    Removing stm32f4xx_hal_tim_ex.o(i.HAL_TIMEx_OCN_Start), (176 bytes).
    Removing stm32f4xx_hal_tim_ex.o(i.HAL_TIMEx_OCN_Start_DMA), (376 bytes).
    Removing stm32f4xx_hal_tim_ex.o(i.HAL_TIMEx_OCN_Start_IT), (230 bytes).
    Removing stm32f4xx_hal_tim_ex.o(i.HAL_TIMEx_OCN_Stop), (104 bytes).
    Removing stm32f4xx_hal_tim_ex.o(i.HAL_TIMEx_OCN_Stop_DMA), (162 bytes).
    Removing stm32f4xx_hal_tim_ex.o(i.HAL_TIMEx_OCN_Stop_IT), (164 bytes).
    Removing stm32f4xx_hal_tim_ex.o(i.HAL_TIMEx_OnePulseN_Start), (106 bytes).
    Removing stm32f4xx_hal_tim_ex.o(i.HAL_TIMEx_OnePulseN_Start_IT), (128 bytes).
    Removing stm32f4xx_hal_tim_ex.o(i.HAL_TIMEx_OnePulseN_Stop), (104 bytes).
    Removing stm32f4xx_hal_tim_ex.o(i.HAL_TIMEx_OnePulseN_Stop_IT), (124 bytes).
    Removing stm32f4xx_hal_tim_ex.o(i.HAL_TIMEx_PWMN_Start), (176 bytes).
    Removing stm32f4xx_hal_tim_ex.o(i.HAL_TIMEx_PWMN_Start_DMA), (376 bytes).
    Removing stm32f4xx_hal_tim_ex.o(i.HAL_TIMEx_PWMN_Start_IT), (230 bytes).
    Removing stm32f4xx_hal_tim_ex.o(i.HAL_TIMEx_PWMN_Stop), (104 bytes).
    Removing stm32f4xx_hal_tim_ex.o(i.HAL_TIMEx_PWMN_Stop_DMA), (162 bytes).
    Removing stm32f4xx_hal_tim_ex.o(i.HAL_TIMEx_PWMN_Stop_IT), (164 bytes).
    Removing stm32f4xx_hal_tim_ex.o(i.HAL_TIMEx_RemapConfig), (28 bytes).
    Removing stm32f4xx_hal_tim_ex.o(i.TIMEx_DMACommutationCplt), (16 bytes).
    Removing stm32f4xx_hal_tim_ex.o(i.TIMEx_DMACommutationHalfCplt), (16 bytes).
    Removing stm32f4xx_hal_tim_ex.o(i.TIM_CCxNChannelCmd), (30 bytes).
    Removing stm32f4xx_hal_tim_ex.o(i.TIM_DMADelayPulseNCplt), (102 bytes).
    Removing stm32f4xx_hal_tim_ex.o(i.TIM_DMAErrorCCxN), (62 bytes).
    Removing system_stm32f4xx.o(.rev16_text), (4 bytes).
    Removing system_stm32f4xx.o(.revsh_text), (4 bytes).
    Removing system_stm32f4xx.o(.rrx_text), (6 bytes).
    Removing system_stm32f4xx.o(i.SystemCoreClockUpdate), (136 bytes).
    Removing system_stm32f4xx.o(.constdata), (8 bytes).
    Removing usbd_core.o(.rev16_text), (4 bytes).
    Removing usbd_core.o(.revsh_text), (4 bytes).
    Removing usbd_core.o(.rrx_text), (6 bytes).
    Removing usbd_core.o(i.USBD_DeInit), (56 bytes).
    Removing usbd_core.o(i.USBD_RunTestMode), (4 bytes).
    Removing usbd_core.o(i.USBD_Stop), (26 bytes).
    Removing usbd_ctlreq.o(.rev16_text), (4 bytes).
    Removing usbd_ctlreq.o(.revsh_text), (4 bytes).
    Removing usbd_ctlreq.o(.rrx_text), (6 bytes).
    Removing usbd_ioreq.o(.rev16_text), (4 bytes).
    Removing usbd_ioreq.o(.revsh_text), (4 bytes).
    Removing usbd_ioreq.o(.rrx_text), (6 bytes).
    Removing usbd_ioreq.o(i.USBD_GetRxCount), (4 bytes).
    Removing usbd_customhid.o(.rev16_text), (4 bytes).
    Removing usbd_customhid.o(.revsh_text), (4 bytes).
    Removing usbd_customhid.o(.rrx_text), (6 bytes).
    Removing usbd_customhid.o(i.USBD_CUSTOM_HID_ReceivePacket), (26 bytes).

433 unused section(s) (total 32657 bytes) removed from the image.

==============================================================================

Image Symbol Table

    Local Symbols

    Symbol Name                              Value     Ov Type        Size  Object(Section)

    ../Core/Src/main.c                       0x00000000   Number         0  main.o ABSOLUTE
    ../Core/Src/stm32f4xx_hal_msp.c          0x00000000   Number         0  stm32f4xx_hal_msp.o ABSOLUTE
    ../Core/Src/stm32f4xx_it.c               0x00000000   Number         0  stm32f4xx_it.o ABSOLUTE
    ../Core/Src/system_stm32f4xx.c           0x00000000   Number         0  system_stm32f4xx.o ABSOLUTE
    ../Drivers/STM32F4xx_HAL_Driver/Src/stm32f4xx_hal.c 0x00000000   Number         0  stm32f4xx_hal.o ABSOLUTE
    ../Drivers/STM32F4xx_HAL_Driver/Src/stm32f4xx_hal_cortex.c 0x00000000   Number         0  stm32f4xx_hal_cortex.o ABSOLUTE
    ../Drivers/STM32F4xx_HAL_Driver/Src/stm32f4xx_hal_dma.c 0x00000000   Number         0  stm32f4xx_hal_dma.o ABSOLUTE
    ../Drivers/STM32F4xx_HAL_Driver/Src/stm32f4xx_hal_dma_ex.c 0x00000000   Number         0  stm32f4xx_hal_dma_ex.o ABSOLUTE
    ../Drivers/STM32F4xx_HAL_Driver/Src/stm32f4xx_hal_exti.c 0x00000000   Number         0  stm32f4xx_hal_exti.o ABSOLUTE
    ../Drivers/STM32F4xx_HAL_Driver/Src/stm32f4xx_hal_flash.c 0x00000000   Number         0  stm32f4xx_hal_flash.o ABSOLUTE
    ../Drivers/STM32F4xx_HAL_Driver/Src/stm32f4xx_hal_flash_ex.c 0x00000000   Number         0  stm32f4xx_hal_flash_ex.o ABSOLUTE
    ../Drivers/STM32F4xx_HAL_Driver/Src/stm32f4xx_hal_flash_ramfunc.c 0x00000000   Number         0  stm32f4xx_hal_flash_ramfunc.o ABSOLUTE
    ../Drivers/STM32F4xx_HAL_Driver/Src/stm32f4xx_hal_gpio.c 0x00000000   Number         0  stm32f4xx_hal_gpio.o ABSOLUTE
    ../Drivers/STM32F4xx_HAL_Driver/Src/stm32f4xx_hal_pcd.c 0x00000000   Number         0  stm32f4xx_hal_pcd.o ABSOLUTE
    ../Drivers/STM32F4xx_HAL_Driver/Src/stm32f4xx_hal_pcd_ex.c 0x00000000   Number         0  stm32f4xx_hal_pcd_ex.o ABSOLUTE
    ../Drivers/STM32F4xx_HAL_Driver/Src/stm32f4xx_hal_pwr.c 0x00000000   Number         0  stm32f4xx_hal_pwr.o ABSOLUTE
    ../Drivers/STM32F4xx_HAL_Driver/Src/stm32f4xx_hal_pwr_ex.c 0x00000000   Number         0  stm32f4xx_hal_pwr_ex.o ABSOLUTE
    ../Drivers/STM32F4xx_HAL_Driver/Src/stm32f4xx_hal_rcc.c 0x00000000   Number         0  stm32f4xx_hal_rcc.o ABSOLUTE
    ../Drivers/STM32F4xx_HAL_Driver/Src/stm32f4xx_hal_rcc_ex.c 0x00000000   Number         0  stm32f4xx_hal_rcc_ex.o ABSOLUTE
    ../Drivers/STM32F4xx_HAL_Driver/Src/stm32f4xx_hal_tim.c 0x00000000   Number         0  stm32f4xx_hal_tim.o ABSOLUTE
    ../Drivers/STM32F4xx_HAL_Driver/Src/stm32f4xx_hal_tim_ex.c 0x00000000   Number         0  stm32f4xx_hal_tim_ex.o ABSOLUTE
    ../Drivers/STM32F4xx_HAL_Driver/Src/stm32f4xx_ll_usb.c 0x00000000   Number         0  stm32f4xx_ll_usb.o ABSOLUTE
    ../Middlewares/ST/STM32_USB_Device_Library/Class/CustomHID/Src/usbd_customhid.c 0x00000000   Number         0  usbd_customhid.o ABSOLUTE
    ../Middlewares/ST/STM32_USB_Device_Library/Core/Src/usbd_core.c 0x00000000   Number         0  usbd_core.o ABSOLUTE
    ../Middlewares/ST/STM32_USB_Device_Library/Core/Src/usbd_ctlreq.c 0x00000000   Number         0  usbd_ctlreq.o ABSOLUTE
    ../Middlewares/ST/STM32_USB_Device_Library/Core/Src/usbd_ioreq.c 0x00000000   Number         0  usbd_ioreq.o ABSOLUTE
    ../USB_DEVICE/App/usb_device.c           0x00000000   Number         0  usb_device.o ABSOLUTE
    ../USB_DEVICE/App/usbd_custom_hid_if.c   0x00000000   Number         0  usbd_custom_hid_if.o ABSOLUTE
    ../USB_DEVICE/App/usbd_desc.c            0x00000000   Number         0  usbd_desc.o ABSOLUTE
    ../USB_DEVICE/Target/usbd_conf.c         0x00000000   Number         0  usbd_conf.o ABSOLUTE
    ../clib/../cmprslib/zerorunl2.c          0x00000000   Number         0  __dczerorl2.o ABSOLUTE
    ../clib/microlib/division.c              0x00000000   Number         0  uldiv.o ABSOLUTE
    ../clib/microlib/init/entry.s            0x00000000   Number         0  entry8a.o ABSOLUTE
    ../clib/microlib/init/entry.s            0x00000000   Number         0  entry7b.o ABSOLUTE
    ../clib/microlib/init/entry.s            0x00000000   Number         0  entry7a.o ABSOLUTE
    ../clib/microlib/init/entry.s            0x00000000   Number         0  entry5.o ABSOLUTE
    ../clib/microlib/init/entry.s            0x00000000   Number         0  entry2.o ABSOLUTE
    ../clib/microlib/init/entry.s            0x00000000   Number         0  entry.o ABSOLUTE
    ../clib/microlib/init/entry.s            0x00000000   Number         0  entry12b.o ABSOLUTE
    ../clib/microlib/init/entry.s            0x00000000   Number         0  entry12a.o ABSOLUTE
    ../clib/microlib/init/entry.s            0x00000000   Number         0  entry11b.o ABSOLUTE
    ../clib/microlib/init/entry.s            0x00000000   Number         0  entry11a.o ABSOLUTE
    ../clib/microlib/init/entry.s            0x00000000   Number         0  entry10b.o ABSOLUTE
    ../clib/microlib/init/entry.s            0x00000000   Number         0  entry10a.o ABSOLUTE
    ../clib/microlib/init/entry.s            0x00000000   Number         0  entry9b.o ABSOLUTE
    ../clib/microlib/init/entry.s            0x00000000   Number         0  entry9a.o ABSOLUTE
    ../clib/microlib/init/entry.s            0x00000000   Number         0  entry8b.o ABSOLUTE
    ../clib/microlib/longlong.c              0x00000000   Number         0  llushr.o ABSOLUTE
    ../clib/microlib/longlong.c              0x00000000   Number         0  llshl.o ABSOLUTE
    ..\Core\Src\main.c                       0x00000000   Number         0  main.o ABSOLUTE
    ..\Core\Src\stm32f4xx_hal_msp.c          0x00000000   Number         0  stm32f4xx_hal_msp.o ABSOLUTE
    ..\Core\Src\stm32f4xx_it.c               0x00000000   Number         0  stm32f4xx_it.o ABSOLUTE
    ..\Core\Src\system_stm32f4xx.c           0x00000000   Number         0  system_stm32f4xx.o ABSOLUTE
    ..\Drivers\STM32F4xx_HAL_Driver\Src\stm32f4xx_hal.c 0x00000000   Number         0  stm32f4xx_hal.o ABSOLUTE
    ..\Drivers\STM32F4xx_HAL_Driver\Src\stm32f4xx_hal_cortex.c 0x00000000   Number         0  stm32f4xx_hal_cortex.o ABSOLUTE
    ..\Drivers\STM32F4xx_HAL_Driver\Src\stm32f4xx_hal_dma.c 0x00000000   Number         0  stm32f4xx_hal_dma.o ABSOLUTE
    ..\Drivers\STM32F4xx_HAL_Driver\Src\stm32f4xx_hal_dma_ex.c 0x00000000   Number         0  stm32f4xx_hal_dma_ex.o ABSOLUTE
    ..\Drivers\STM32F4xx_HAL_Driver\Src\stm32f4xx_hal_exti.c 0x00000000   Number         0  stm32f4xx_hal_exti.o ABSOLUTE
    ..\Drivers\STM32F4xx_HAL_Driver\Src\stm32f4xx_hal_flash.c 0x00000000   Number         0  stm32f4xx_hal_flash.o ABSOLUTE
    ..\Drivers\STM32F4xx_HAL_Driver\Src\stm32f4xx_hal_flash_ex.c 0x00000000   Number         0  stm32f4xx_hal_flash_ex.o ABSOLUTE
    ..\Drivers\STM32F4xx_HAL_Driver\Src\stm32f4xx_hal_flash_ramfunc.c 0x00000000   Number         0  stm32f4xx_hal_flash_ramfunc.o ABSOLUTE
    ..\Drivers\STM32F4xx_HAL_Driver\Src\stm32f4xx_hal_gpio.c 0x00000000   Number         0  stm32f4xx_hal_gpio.o ABSOLUTE
    ..\Drivers\STM32F4xx_HAL_Driver\Src\stm32f4xx_hal_pcd.c 0x00000000   Number         0  stm32f4xx_hal_pcd.o ABSOLUTE
    ..\Drivers\STM32F4xx_HAL_Driver\Src\stm32f4xx_hal_pcd_ex.c 0x00000000   Number         0  stm32f4xx_hal_pcd_ex.o ABSOLUTE
    ..\Drivers\STM32F4xx_HAL_Driver\Src\stm32f4xx_hal_pwr.c 0x00000000   Number         0  stm32f4xx_hal_pwr.o ABSOLUTE
    ..\Drivers\STM32F4xx_HAL_Driver\Src\stm32f4xx_hal_pwr_ex.c 0x00000000   Number         0  stm32f4xx_hal_pwr_ex.o ABSOLUTE
    ..\Drivers\STM32F4xx_HAL_Driver\Src\stm32f4xx_hal_rcc.c 0x00000000   Number         0  stm32f4xx_hal_rcc.o ABSOLUTE
    ..\Drivers\STM32F4xx_HAL_Driver\Src\stm32f4xx_hal_rcc_ex.c 0x00000000   Number         0  stm32f4xx_hal_rcc_ex.o ABSOLUTE
    ..\Drivers\STM32F4xx_HAL_Driver\Src\stm32f4xx_hal_tim.c 0x00000000   Number         0  stm32f4xx_hal_tim.o ABSOLUTE
    ..\Drivers\STM32F4xx_HAL_Driver\Src\stm32f4xx_hal_tim_ex.c 0x00000000   Number         0  stm32f4xx_hal_tim_ex.o ABSOLUTE
    ..\Drivers\STM32F4xx_HAL_Driver\Src\stm32f4xx_ll_usb.c 0x00000000   Number         0  stm32f4xx_ll_usb.o ABSOLUTE
    ..\Middlewares\ST\STM32_USB_Device_Library\Class\CustomHID\Src\usbd_customhid.c 0x00000000   Number         0  usbd_customhid.o ABSOLUTE
    ..\Middlewares\ST\STM32_USB_Device_Library\Core\Src\usbd_core.c 0x00000000   Number         0  usbd_core.o ABSOLUTE
    ..\Middlewares\ST\STM32_USB_Device_Library\Core\Src\usbd_ctlreq.c 0x00000000   Number         0  usbd_ctlreq.o ABSOLUTE
    ..\Middlewares\ST\STM32_USB_Device_Library\Core\Src\usbd_ioreq.c 0x00000000   Number         0  usbd_ioreq.o ABSOLUTE
    ..\USB_DEVICE\App\usb_device.c           0x00000000   Number         0  usb_device.o ABSOLUTE
    ..\USB_DEVICE\App\usbd_custom_hid_if.c   0x00000000   Number         0  usbd_custom_hid_if.o ABSOLUTE
    ..\USB_DEVICE\App\usbd_desc.c            0x00000000   Number         0  usbd_desc.o ABSOLUTE
    ..\USB_DEVICE\Target\usbd_conf.c         0x00000000   Number         0  usbd_conf.o ABSOLUTE
    dc.s                                     0x00000000   Number         0  dc.o ABSOLUTE
    handlers.s                               0x00000000   Number         0  handlers.o ABSOLUTE
    init.s                                   0x00000000   Number         0  init.o ABSOLUTE
    startup_stm32f401xe.s                    0x00000000   Number         0  startup_stm32f401xe.o ABSOLUTE
    RESET                                    0x08000000   Section      404  startup_stm32f401xe.o(RESET)
    .ARM.Collect$$$$00000000                 0x08000194   Section        0  entry.o(.ARM.Collect$$$$00000000)
    .ARM.Collect$$$$00000001                 0x08000194   Section        4  entry2.o(.ARM.Collect$$$$00000001)
    .ARM.Collect$$$$00000004                 0x08000198   Section        4  entry5.o(.ARM.Collect$$$$00000004)
    .ARM.Collect$$$$00000008                 0x0800019c   Section        0  entry7b.o(.ARM.Collect$$$$00000008)
    .ARM.Collect$$$$0000000A                 0x0800019c   Section        0  entry8b.o(.ARM.Collect$$$$0000000A)
    .ARM.Collect$$$$0000000B                 0x0800019c   Section        8  entry9a.o(.ARM.Collect$$$$0000000B)
    .ARM.Collect$$$$0000000E                 0x080001a4   Section        4  entry12b.o(.ARM.Collect$$$$0000000E)
    .ARM.Collect$$$$0000000F                 0x080001a8   Section        0  entry10a.o(.ARM.Collect$$$$0000000F)
    .ARM.Collect$$$$00000011                 0x080001a8   Section        0  entry11a.o(.ARM.Collect$$$$00000011)
    .ARM.Collect$$$$00002712                 0x080001a8   Section        4  entry2.o(.ARM.Collect$$$$00002712)
    __lit__00000000                          0x080001a8   Data           4  entry2.o(.ARM.Collect$$$$00002712)
    .text                                    0x080001ac   Section       36  startup_stm32f401xe.o(.text)
    $v0                                      0x080001ac   Number         0  startup_stm32f401xe.o(.text)
    .text                                    0x080001d0   Section        0  uldiv.o(.text)
    .text                                    0x08000232   Section        0  llshl.o(.text)
    .text                                    0x08000250   Section        0  llushr.o(.text)
    .text                                    0x08000270   Section       36  init.o(.text)
    .text                                    0x08000294   Section        0  __dczerorl2.o(.text)
    i.BusFault_Handler                       0x080002ea   Section        0  stm32f4xx_it.o(i.BusFault_Handler)
    i.CUSTOM_HID_DeInit_FS                   0x080002ec   Section        0  usbd_custom_hid_if.o(i.CUSTOM_HID_DeInit_FS)
    CUSTOM_HID_DeInit_FS                     0x080002ed   Thumb Code     4  usbd_custom_hid_if.o(i.CUSTOM_HID_DeInit_FS)
    i.CUSTOM_HID_Init_FS                     0x080002f0   Section        0  usbd_custom_hid_if.o(i.CUSTOM_HID_Init_FS)
    CUSTOM_HID_Init_FS                       0x080002f1   Thumb Code     4  usbd_custom_hid_if.o(i.CUSTOM_HID_Init_FS)
    i.CUSTOM_HID_OutEvent_FS                 0x080002f4   Section        0  usbd_custom_hid_if.o(i.CUSTOM_HID_OutEvent_FS)
    CUSTOM_HID_OutEvent_FS                   0x080002f5   Thumb Code    98  usbd_custom_hid_if.o(i.CUSTOM_HID_OutEvent_FS)
    i.DebugMon_Handler                       0x08000368   Section        0  stm32f4xx_it.o(i.DebugMon_Handler)
    i.Error_Handler                          0x0800036a   Section        0  main.o(i.Error_Handler)
    i.HAL_Delay                              0x08000370   Section        0  stm32f4xx_hal.o(i.HAL_Delay)
    i.HAL_GPIO_Init                          0x08000398   Section        0  stm32f4xx_hal_gpio.o(i.HAL_GPIO_Init)
    i.HAL_GPIO_TogglePin                     0x08000594   Section        0  stm32f4xx_hal_gpio.o(i.HAL_GPIO_TogglePin)
    i.HAL_GPIO_WritePin                      0x080005a4   Section        0  stm32f4xx_hal_gpio.o(i.HAL_GPIO_WritePin)
    i.HAL_GetTick                            0x080005b0   Section        0  stm32f4xx_hal.o(i.HAL_GetTick)
    i.HAL_IncTick                            0x080005bc   Section        0  stm32f4xx_hal.o(i.HAL_IncTick)
    i.HAL_Init                               0x080005d4   Section        0  stm32f4xx_hal.o(i.HAL_Init)
    i.HAL_InitTick                           0x08000610   Section        0  stm32f4xx_hal.o(i.HAL_InitTick)
    i.HAL_MspInit                            0x0800065c   Section        0  stm32f4xx_hal_msp.o(i.HAL_MspInit)
    i.HAL_NVIC_EnableIRQ                     0x08000690   Section        0  stm32f4xx_hal_cortex.o(i.HAL_NVIC_EnableIRQ)
    i.HAL_NVIC_SetPriority                   0x080006b0   Section        0  stm32f4xx_hal_cortex.o(i.HAL_NVIC_SetPriority)
    i.HAL_NVIC_SetPriorityGrouping           0x08000714   Section        0  stm32f4xx_hal_cortex.o(i.HAL_NVIC_SetPriorityGrouping)
    i.HAL_PCDEx_LPM_Callback                 0x08000738   Section        0  stm32f4xx_hal_pcd_ex.o(i.HAL_PCDEx_LPM_Callback)
    i.HAL_PCDEx_SetRxFiFo                    0x0800073a   Section        0  stm32f4xx_hal_pcd_ex.o(i.HAL_PCDEx_SetRxFiFo)
    i.HAL_PCDEx_SetTxFiFo                    0x08000742   Section        0  stm32f4xx_hal_pcd_ex.o(i.HAL_PCDEx_SetTxFiFo)
    i.HAL_PCD_ConnectCallback                0x0800078e   Section        0  usbd_conf.o(i.HAL_PCD_ConnectCallback)
    i.HAL_PCD_DataInStageCallback            0x08000796   Section        0  usbd_conf.o(i.HAL_PCD_DataInStageCallback)
    i.HAL_PCD_DataOutStageCallback           0x080007a8   Section        0  usbd_conf.o(i.HAL_PCD_DataOutStageCallback)
    i.HAL_PCD_DisconnectCallback             0x080007bc   Section        0  usbd_conf.o(i.HAL_PCD_DisconnectCallback)
    i.HAL_PCD_EP_Close                       0x080007c4   Section        0  stm32f4xx_hal_pcd.o(i.HAL_PCD_EP_Close)
    i.HAL_PCD_EP_ClrStall                    0x08000810   Section        0  stm32f4xx_hal_pcd.o(i.HAL_PCD_EP_ClrStall)
    i.HAL_PCD_EP_Open                        0x0800086e   Section        0  stm32f4xx_hal_pcd.o(i.HAL_PCD_EP_Open)
    i.HAL_PCD_EP_Receive                     0x080008cc   Section        0  stm32f4xx_hal_pcd.o(i.HAL_PCD_EP_Receive)
    i.HAL_PCD_EP_SetStall                    0x08000916   Section        0  stm32f4xx_hal_pcd.o(i.HAL_PCD_EP_SetStall)
    i.HAL_PCD_EP_Transmit                    0x08000988   Section        0  stm32f4xx_hal_pcd.o(i.HAL_PCD_EP_Transmit)
    i.HAL_PCD_IRQHandler                     0x080009cc   Section        0  stm32f4xx_hal_pcd.o(i.HAL_PCD_IRQHandler)
    i.HAL_PCD_ISOINIncompleteCallback        0x08000fc4   Section        0  usbd_conf.o(i.HAL_PCD_ISOINIncompleteCallback)
    i.HAL_PCD_ISOOUTIncompleteCallback       0x08000fcc   Section        0  usbd_conf.o(i.HAL_PCD_ISOOUTIncompleteCallback)
    i.HAL_PCD_Init                           0x08000fd4   Section        0  stm32f4xx_hal_pcd.o(i.HAL_PCD_Init)
    i.HAL_PCD_MspInit                        0x080010d8   Section        0  usbd_conf.o(i.HAL_PCD_MspInit)
    i.HAL_PCD_ResetCallback                  0x08001160   Section        0  usbd_conf.o(i.HAL_PCD_ResetCallback)
    i.HAL_PCD_ResumeCallback                 0x0800118e   Section        0  usbd_conf.o(i.HAL_PCD_ResumeCallback)
    i.HAL_PCD_SOFCallback                    0x08001196   Section        0  usbd_conf.o(i.HAL_PCD_SOFCallback)
    i.HAL_PCD_SetAddress                     0x0800119e   Section        0  stm32f4xx_hal_pcd.o(i.HAL_PCD_SetAddress)
    i.HAL_PCD_SetupStageCallback             0x080011c6   Section        0  usbd_conf.o(i.HAL_PCD_SetupStageCallback)
    i.HAL_PCD_Start                          0x080011d4   Section        0  stm32f4xx_hal_pcd.o(i.HAL_PCD_Start)
    i.HAL_PCD_SuspendCallback                0x08001214   Section        0  usbd_conf.o(i.HAL_PCD_SuspendCallback)
    i.HAL_RCC_ClockConfig                    0x08001248   Section        0  stm32f4xx_hal_rcc.o(i.HAL_RCC_ClockConfig)
    i.HAL_RCC_GetHCLKFreq                    0x080013ac   Section        0  stm32f4xx_hal_rcc.o(i.HAL_RCC_GetHCLKFreq)
    i.HAL_RCC_GetSysClockFreq                0x080013b8   Section        0  stm32f4xx_hal_rcc.o(i.HAL_RCC_GetSysClockFreq)
    i.HAL_RCC_OscConfig                      0x0800142c   Section        0  stm32f4xx_hal_rcc.o(i.HAL_RCC_OscConfig)
    i.HAL_SYSTICK_Config                     0x08001848   Section        0  stm32f4xx_hal_cortex.o(i.HAL_SYSTICK_Config)
    i.HAL_TIMEx_MasterConfigSynchronization  0x08001874   Section        0  stm32f4xx_hal_tim_ex.o(i.HAL_TIMEx_MasterConfigSynchronization)
    i.HAL_TIM_Encoder_Init                   0x080018f8   Section        0  stm32f4xx_hal_tim.o(i.HAL_TIM_Encoder_Init)
    i.HAL_TIM_Encoder_MspInit                0x080019bc   Section        0  stm32f4xx_hal_msp.o(i.HAL_TIM_Encoder_MspInit)
    i.HardFault_Handler                      0x08001a28   Section        0  stm32f4xx_it.o(i.HardFault_Handler)
    i.MX_USB_DEVICE_Init                     0x08001a2c   Section        0  usb_device.o(i.MX_USB_DEVICE_Init)
    i.MemManage_Handler                      0x08001a84   Section        0  stm32f4xx_it.o(i.MemManage_Handler)
    i.NMI_Handler                            0x08001a86   Section        0  stm32f4xx_it.o(i.NMI_Handler)
    i.OTG_FS_IRQHandler                      0x08001a88   Section        0  stm32f4xx_it.o(i.OTG_FS_IRQHandler)
    i.PendSV_Handler                         0x08001a94   Section        0  stm32f4xx_it.o(i.PendSV_Handler)
    i.SVC_Handler                            0x08001a96   Section        0  stm32f4xx_it.o(i.SVC_Handler)
    i.SysTick_Handler                        0x08001a98   Section        0  stm32f4xx_it.o(i.SysTick_Handler)
    i.SystemClock_Config                     0x08001ac8   Section        0  main.o(i.SystemClock_Config)
    i.SystemInit                             0x08001b60   Section        0  system_stm32f4xx.o(i.SystemInit)
    i.TIM_Base_SetConfig                     0x08001b70   Section        0  stm32f4xx_hal_tim.o(i.TIM_Base_SetConfig)
    i.USBD_CUSTOM_HID_DataIn                 0x08001c0c   Section        0  usbd_customhid.o(i.USBD_CUSTOM_HID_DataIn)
    USBD_CUSTOM_HID_DataIn                   0x08001c0d   Thumb Code    12  usbd_customhid.o(i.USBD_CUSTOM_HID_DataIn)
    i.USBD_CUSTOM_HID_DataOut                0x08001c18   Section        0  usbd_customhid.o(i.USBD_CUSTOM_HID_DataOut)
    USBD_CUSTOM_HID_DataOut                  0x08001c19   Thumb Code    32  usbd_customhid.o(i.USBD_CUSTOM_HID_DataOut)
    i.USBD_CUSTOM_HID_DeInit                 0x08001c38   Section        0  usbd_customhid.o(i.USBD_CUSTOM_HID_DeInit)
    USBD_CUSTOM_HID_DeInit                   0x08001c39   Thumb Code    62  usbd_customhid.o(i.USBD_CUSTOM_HID_DeInit)
    i.USBD_CUSTOM_HID_EP0_RxReady            0x08001c76   Section        0  usbd_customhid.o(i.USBD_CUSTOM_HID_EP0_RxReady)
    USBD_CUSTOM_HID_EP0_RxReady              0x08001c77   Thumb Code    42  usbd_customhid.o(i.USBD_CUSTOM_HID_EP0_RxReady)
    i.USBD_CUSTOM_HID_GetDeviceQualifierDesc 0x08001ca0   Section        0  usbd_customhid.o(i.USBD_CUSTOM_HID_GetDeviceQualifierDesc)
    USBD_CUSTOM_HID_GetDeviceQualifierDesc   0x08001ca1   Thumb Code     8  usbd_customhid.o(i.USBD_CUSTOM_HID_GetDeviceQualifierDesc)
    i.USBD_CUSTOM_HID_GetFSCfgDesc           0x08001cac   Section        0  usbd_customhid.o(i.USBD_CUSTOM_HID_GetFSCfgDesc)
    USBD_CUSTOM_HID_GetFSCfgDesc             0x08001cad   Thumb Code     8  usbd_customhid.o(i.USBD_CUSTOM_HID_GetFSCfgDesc)
    i.USBD_CUSTOM_HID_GetHSCfgDesc           0x08001cb8   Section        0  usbd_customhid.o(i.USBD_CUSTOM_HID_GetHSCfgDesc)
    USBD_CUSTOM_HID_GetHSCfgDesc             0x08001cb9   Thumb Code     8  usbd_customhid.o(i.USBD_CUSTOM_HID_GetHSCfgDesc)
    i.USBD_CUSTOM_HID_GetOtherSpeedCfgDesc   0x08001cc4   Section        0  usbd_customhid.o(i.USBD_CUSTOM_HID_GetOtherSpeedCfgDesc)
    USBD_CUSTOM_HID_GetOtherSpeedCfgDesc     0x08001cc5   Thumb Code     8  usbd_customhid.o(i.USBD_CUSTOM_HID_GetOtherSpeedCfgDesc)
    i.USBD_CUSTOM_HID_Init                   0x08001cd0   Section        0  usbd_customhid.o(i.USBD_CUSTOM_HID_Init)
    USBD_CUSTOM_HID_Init                     0x08001cd1   Thumb Code   102  usbd_customhid.o(i.USBD_CUSTOM_HID_Init)
    i.USBD_CUSTOM_HID_RegisterInterface      0x08001d36   Section        0  usbd_customhid.o(i.USBD_CUSTOM_HID_RegisterInterface)
    i.USBD_CUSTOM_HID_SendReport             0x08001d44   Section        0  usbd_customhid.o(i.USBD_CUSTOM_HID_SendReport)
    i.USBD_CUSTOM_HID_Setup                  0x08001d80   Section        0  usbd_customhid.o(i.USBD_CUSTOM_HID_Setup)
    USBD_CUSTOM_HID_Setup                    0x08001d81   Thumb Code   264  usbd_customhid.o(i.USBD_CUSTOM_HID_Setup)
    i.USBD_ClrClassConfig                    0x08001e8c   Section        0  usbd_core.o(i.USBD_ClrClassConfig)
    i.USBD_CtlContinueRx                     0x08001e9e   Section        0  usbd_ioreq.o(i.USBD_CtlContinueRx)
    i.USBD_CtlContinueSendData               0x08001eae   Section        0  usbd_ioreq.o(i.USBD_CtlContinueSendData)
    i.USBD_CtlError                          0x08001ebe   Section        0  usbd_ctlreq.o(i.USBD_CtlError)
    i.USBD_CtlPrepareRx                      0x08001ed4   Section        0  usbd_ioreq.o(i.USBD_CtlPrepareRx)
    i.USBD_CtlReceiveStatus                  0x08001ef2   Section        0  usbd_ioreq.o(i.USBD_CtlReceiveStatus)
    i.USBD_CtlSendData                       0x08001f08   Section        0  usbd_ioreq.o(i.USBD_CtlSendData)
    i.USBD_CtlSendStatus                     0x08001f22   Section        0  usbd_ioreq.o(i.USBD_CtlSendStatus)
    i.USBD_FS_ConfigStrDescriptor            0x08001f38   Section        0  usbd_desc.o(i.USBD_FS_ConfigStrDescriptor)
    i.USBD_FS_DeviceDescriptor               0x08001f60   Section        0  usbd_desc.o(i.USBD_FS_DeviceDescriptor)
    i.USBD_FS_InterfaceStrDescriptor         0x08001f6c   Section        0  usbd_desc.o(i.USBD_FS_InterfaceStrDescriptor)
    i.USBD_FS_LangIDStrDescriptor            0x08001f98   Section        0  usbd_desc.o(i.USBD_FS_LangIDStrDescriptor)
    i.USBD_FS_ManufacturerStrDescriptor      0x08001fa4   Section        0  usbd_desc.o(i.USBD_FS_ManufacturerStrDescriptor)
    i.USBD_FS_ProductStrDescriptor           0x08001fcc   Section        0  usbd_desc.o(i.USBD_FS_ProductStrDescriptor)
    i.USBD_FS_SerialStrDescriptor            0x08002000   Section        0  usbd_desc.o(i.USBD_FS_SerialStrDescriptor)
    i.USBD_GetDescriptor                     0x0800208c   Section        0  usbd_ctlreq.o(i.USBD_GetDescriptor)
    USBD_GetDescriptor                       0x0800208d   Thumb Code   270  usbd_ctlreq.o(i.USBD_GetDescriptor)
    i.USBD_GetString                         0x0800219a   Section        0  usbd_ctlreq.o(i.USBD_GetString)
    i.USBD_Get_USB_Status                    0x08002200   Section        0  usbd_conf.o(i.USBD_Get_USB_Status)
    i.USBD_Init                              0x0800221a   Section        0  usbd_core.o(i.USBD_Init)
    i.USBD_LL_ClearStallEP                   0x08002244   Section        0  usbd_conf.o(i.USBD_LL_ClearStallEP)
    i.USBD_LL_CloseEP                        0x08002256   Section        0  usbd_conf.o(i.USBD_LL_CloseEP)
    i.USBD_LL_DataInStage                    0x08002268   Section        0  usbd_core.o(i.USBD_LL_DataInStage)
    i.USBD_LL_DataOutStage                   0x08002320   Section        0  usbd_core.o(i.USBD_LL_DataOutStage)
    i.USBD_LL_DevConnected                   0x08002390   Section        0  usbd_core.o(i.USBD_LL_DevConnected)
    i.USBD_LL_DevDisconnected                0x08002394   Section        0  usbd_core.o(i.USBD_LL_DevDisconnected)
    i.USBD_LL_Init                           0x080023ac   Section        0  usbd_conf.o(i.USBD_LL_Init)
    i.USBD_LL_IsStallEP                      0x0800240c   Section        0  usbd_conf.o(i.USBD_LL_IsStallEP)
    i.USBD_LL_IsoINIncomplete                0x0800242c   Section        0  usbd_core.o(i.USBD_LL_IsoINIncomplete)
    i.USBD_LL_IsoOUTIncomplete               0x0800244e   Section        0  usbd_core.o(i.USBD_LL_IsoOUTIncomplete)
    i.USBD_LL_OpenEP                         0x08002470   Section        0  usbd_conf.o(i.USBD_LL_OpenEP)
    i.USBD_LL_PrepareReceive                 0x08002488   Section        0  usbd_conf.o(i.USBD_LL_PrepareReceive)
    i.USBD_LL_Reset                          0x0800249a   Section        0  usbd_core.o(i.USBD_LL_Reset)
    i.USBD_LL_Resume                         0x080024fc   Section        0  usbd_core.o(i.USBD_LL_Resume)
    i.USBD_LL_SOF                            0x08002510   Section        0  usbd_core.o(i.USBD_LL_SOF)
    i.USBD_LL_SetSpeed                       0x08002532   Section        0  usbd_core.o(i.USBD_LL_SetSpeed)
    i.USBD_LL_SetUSBAddress                  0x08002538   Section        0  usbd_conf.o(i.USBD_LL_SetUSBAddress)
    i.USBD_LL_SetupStage                     0x0800254a   Section        0  usbd_core.o(i.USBD_LL_SetupStage)
    i.USBD_LL_StallEP                        0x080025ae   Section        0  usbd_conf.o(i.USBD_LL_StallEP)
    i.USBD_LL_Start                          0x080025c0   Section        0  usbd_conf.o(i.USBD_LL_Start)
    i.USBD_LL_Suspend                        0x080025d2   Section        0  usbd_core.o(i.USBD_LL_Suspend)
    i.USBD_LL_Transmit                       0x080025e4   Section        0  usbd_conf.o(i.USBD_LL_Transmit)
    i.USBD_ParseSetupRequest                 0x080025f6   Section        0  usbd_ctlreq.o(i.USBD_ParseSetupRequest)
    i.USBD_RegisterClass                     0x08002624   Section        0  usbd_core.o(i.USBD_RegisterClass)
    i.USBD_SetClassConfig                    0x0800264a   Section        0  usbd_core.o(i.USBD_SetClassConfig)
    i.USBD_Start                             0x0800265e   Section        0  usbd_core.o(i.USBD_Start)
    i.USBD_StdDevReq                         0x08002664   Section        0  usbd_ctlreq.o(i.USBD_StdDevReq)
    i.USBD_StdEPReq                          0x08002844   Section        0  usbd_ctlreq.o(i.USBD_StdEPReq)
    i.USBD_StdItfReq                         0x080029b0   Section        0  usbd_ctlreq.o(i.USBD_StdItfReq)
    i.USBD_static_free                       0x08002a08   Section        0  usbd_conf.o(i.USBD_static_free)
    i.USBD_static_malloc                     0x08002a0c   Section        0  usbd_conf.o(i.USBD_static_malloc)
    i.USB_ActivateEndpoint                   0x08002a14   Section        0  stm32f4xx_ll_usb.o(i.USB_ActivateEndpoint)
    i.USB_ActivateSetup                      0x08002aac   Section        0  stm32f4xx_ll_usb.o(i.USB_ActivateSetup)
    i.USB_CoreInit                           0x08002ac8   Section        0  stm32f4xx_ll_usb.o(i.USB_CoreInit)
    i.USB_DeactivateEndpoint                 0x08002b98   Section        0  stm32f4xx_ll_usb.o(i.USB_DeactivateEndpoint)
    i.USB_DevConnect                         0x08002c74   Section        0  stm32f4xx_ll_usb.o(i.USB_DevConnect)
    i.USB_DevDisconnect                      0x08002c90   Section        0  stm32f4xx_ll_usb.o(i.USB_DevDisconnect)
    i.USB_DevInit                            0x08002cac   Section        0  stm32f4xx_ll_usb.o(i.USB_DevInit)
    i.USB_DisableGlobalInt                   0x08002e54   Section        0  stm32f4xx_ll_usb.o(i.USB_DisableGlobalInt)
    i.USB_EP0StartXfer                       0x08002e60   Section        0  stm32f4xx_ll_usb.o(i.USB_EP0StartXfer)
    i.USB_EP0_OutStart                       0x08002f8c   Section        0  stm32f4xx_ll_usb.o(i.USB_EP0_OutStart)
    i.USB_EPClearStall                       0x08002fe8   Section        0  stm32f4xx_ll_usb.o(i.USB_EPClearStall)
    i.USB_EPSetStall                         0x08003042   Section        0  stm32f4xx_ll_usb.o(i.USB_EPSetStall)
    i.USB_EPStartXfer                        0x080030a0   Section        0  stm32f4xx_ll_usb.o(i.USB_EPStartXfer)
    i.USB_EnableGlobalInt                    0x080032c2   Section        0  stm32f4xx_ll_usb.o(i.USB_EnableGlobalInt)
    i.USB_FlushTxFifo                        0x080032d0   Section        0  stm32f4xx_ll_usb.o(i.USB_FlushTxFifo)
    i.USB_GetDevSpeed                        0x080032f8   Section        0  stm32f4xx_ll_usb.o(i.USB_GetDevSpeed)
    i.USB_GetMode                            0x08003310   Section        0  stm32f4xx_ll_usb.o(i.USB_GetMode)
    i.USB_ReadDevAllInEpInterrupt            0x08003318   Section        0  stm32f4xx_ll_usb.o(i.USB_ReadDevAllInEpInterrupt)
    i.USB_ReadDevAllOutEpInterrupt           0x08003326   Section        0  stm32f4xx_ll_usb.o(i.USB_ReadDevAllOutEpInterrupt)
    i.USB_ReadDevInEPInterrupt               0x08003334   Section        0  stm32f4xx_ll_usb.o(i.USB_ReadDevInEPInterrupt)
    i.USB_ReadDevOutEPInterrupt              0x08003358   Section        0  stm32f4xx_ll_usb.o(i.USB_ReadDevOutEPInterrupt)
    i.USB_ReadInterrupts                     0x08003368   Section        0  stm32f4xx_ll_usb.o(i.USB_ReadInterrupts)
    i.USB_ReadPacket                         0x08003370   Section        0  stm32f4xx_ll_usb.o(i.USB_ReadPacket)
    i.USB_SetCurrentMode                     0x08003394   Section        0  stm32f4xx_ll_usb.o(i.USB_SetCurrentMode)
    i.USB_SetDevAddress                      0x080033c4   Section        0  stm32f4xx_ll_usb.o(i.USB_SetDevAddress)
    i.USB_SetTurnaroundTime                  0x080033e8   Section        0  stm32f4xx_ll_usb.o(i.USB_SetTurnaroundTime)
    i.USB_WritePacket                        0x080034cc   Section        0  stm32f4xx_ll_usb.o(i.USB_WritePacket)
    i.UsageFault_Handler                     0x080034fc   Section        0  stm32f4xx_it.o(i.UsageFault_Handler)
    i.__scatterload_copy                     0x080034fe   Section       14  handlers.o(i.__scatterload_copy)
    i.__scatterload_null                     0x0800350c   Section        2  handlers.o(i.__scatterload_null)
    i.__scatterload_zeroinit                 0x0800350e   Section       14  handlers.o(i.__scatterload_zeroinit)
    i.main                                   0x0800351c   Section        0  main.o(i.main)
    .constdata                               0x0800363c   Section       16  system_stm32f4xx.o(.constdata)
    .data                                    0x20000000   Section       14  main.o(.data)
    .data                                    0x20000010   Section        4  stm32f4xx_it.o(.data)
    .data                                    0x20000014   Section       28  usbd_desc.o(.data)
    .data                                    0x20000030   Section       50  usbd_desc.o(.data)
    .data                                    0x20000062   Section        5  usbd_custom_hid_if.o(.data)
    .data                                    0x20000068   Section      108  usbd_custom_hid_if.o(.data)
    CUSTOM_HID_ReportDesc_FS                 0x20000068   Data         108  usbd_custom_hid_if.o(.data)
    .data                                    0x200000d4   Section       16  usbd_custom_hid_if.o(.data)
    .data                                    0x200000e4   Section        9  stm32f4xx_hal.o(.data)
    .data                                    0x200000f0   Section        4  system_stm32f4xx.o(.data)
    .data                                    0x200000f4   Section        1  usbd_ctlreq.o(.data)
    cfgidx                                   0x200000f4   Data           1  usbd_ctlreq.o(.data)
    .data                                    0x200000f8   Section       56  usbd_customhid.o(.data)
    .data                                    0x20000130   Section      154  usbd_customhid.o(.data)
    USBD_CUSTOM_HID_CfgFSDesc                0x20000130   Data          41  usbd_customhid.o(.data)
    USBD_CUSTOM_HID_CfgHSDesc                0x2000015c   Data          41  usbd_customhid.o(.data)
    USBD_CUSTOM_HID_OtherSpeedCfgDesc        0x20000188   Data          41  usbd_customhid.o(.data)
    USBD_CUSTOM_HID_Desc                     0x200001b4   Data           9  usbd_customhid.o(.data)
    USBD_CUSTOM_HID_DeviceQualifierDesc      0x200001c0   Data          10  usbd_customhid.o(.data)
    .bss                                     0x200001cc   Section       72  main.o(.bss)
    .bss                                     0x20000214   Section      720  usb_device.o(.bss)
    .bss                                     0x200004e4   Section      512  usbd_desc.o(.bss)
    .bss                                     0x200006e4   Section     1060  usbd_conf.o(.bss)
    mem                                      0x200006e4   Data          28  usbd_conf.o(.bss)
    STACK                                    0x20000b08   Section     4096  startup_stm32f401xe.o(STACK)

    Global Symbols

    Symbol Name                              Value     Ov Type        Size  Object(Section)

    BuildAttributes$$THM_ISAv4$E$P$D$K$B$S$7EM$VFPi3$EXTD16$VFPS$VFMA$PE$A:L22UL41UL21$X:L11$S22US41US21$IEEE1$IW$USESV6$~STKCKD$USESV7$~SHL$OTIME$EBA8$MICROLIB$REQ8$PRES8$EABIv2 0x00000000   Number         0  anon$$obj.o ABSOLUTE
    __ARM_use_no_argv                        0x00000000   Number         0  main.o ABSOLUTE
    __arm_fini_                               - Undefined Weak Reference
    __cpp_initialize__aeabi_                  - Undefined Weak Reference
    __cxa_finalize                            - Undefined Weak Reference
    _clock_init                               - Undefined Weak Reference
    _microlib_exit                            - Undefined Weak Reference
    __Vectors_Size                           0x00000194   Number         0  startup_stm32f401xe.o ABSOLUTE
    __Vectors                                0x08000000   Data           4  startup_stm32f401xe.o(RESET)
    __Vectors_End                            0x08000194   Data           0  startup_stm32f401xe.o(RESET)
    __main                                   0x08000195   Thumb Code     0  entry.o(.ARM.Collect$$$$00000000)
    _main_stk                                0x08000195   Thumb Code     0  entry2.o(.ARM.Collect$$$$00000001)
    _main_scatterload                        0x08000199   Thumb Code     0  entry5.o(.ARM.Collect$$$$00000004)
    __main_after_scatterload                 0x0800019d   Thumb Code     0  entry5.o(.ARM.Collect$$$$00000004)
    _main_clock                              0x0800019d   Thumb Code     0  entry7b.o(.ARM.Collect$$$$00000008)
    _main_cpp_init                           0x0800019d   Thumb Code     0  entry8b.o(.ARM.Collect$$$$0000000A)
    _main_init                               0x0800019d   Thumb Code     0  entry9a.o(.ARM.Collect$$$$0000000B)
    __rt_lib_shutdown_fini                   0x080001a5   Thumb Code     0  entry12b.o(.ARM.Collect$$$$0000000E)
    __rt_final_cpp                           0x080001a9   Thumb Code     0  entry10a.o(.ARM.Collect$$$$0000000F)
    __rt_final_exit                          0x080001a9   Thumb Code     0  entry11a.o(.ARM.Collect$$$$00000011)
    Reset_Handler                            0x080001ad   Thumb Code     8  startup_stm32f401xe.o(.text)
    ADC_IRQHandler                           0x080001c7   Thumb Code     0  startup_stm32f401xe.o(.text)
    DMA1_Stream0_IRQHandler                  0x080001c7   Thumb Code     0  startup_stm32f401xe.o(.text)
    DMA1_Stream1_IRQHandler                  0x080001c7   Thumb Code     0  startup_stm32f401xe.o(.text)
    DMA1_Stream2_IRQHandler                  0x080001c7   Thumb Code     0  startup_stm32f401xe.o(.text)
    DMA1_Stream3_IRQHandler                  0x080001c7   Thumb Code     0  startup_stm32f401xe.o(.text)
    DMA1_Stream4_IRQHandler                  0x080001c7   Thumb Code     0  startup_stm32f401xe.o(.text)
    DMA1_Stream5_IRQHandler                  0x080001c7   Thumb Code     0  startup_stm32f401xe.o(.text)
    DMA1_Stream6_IRQHandler                  0x080001c7   Thumb Code     0  startup_stm32f401xe.o(.text)
    DMA1_Stream7_IRQHandler                  0x080001c7   Thumb Code     0  startup_stm32f401xe.o(.text)
    DMA2_Stream0_IRQHandler                  0x080001c7   Thumb Code     0  startup_stm32f401xe.o(.text)
    DMA2_Stream1_IRQHandler                  0x080001c7   Thumb Code     0  startup_stm32f401xe.o(.text)
    DMA2_Stream2_IRQHandler                  0x080001c7   Thumb Code     0  startup_stm32f401xe.o(.text)
    DMA2_Stream3_IRQHandler                  0x080001c7   Thumb Code     0  startup_stm32f401xe.o(.text)
    DMA2_Stream4_IRQHandler                  0x080001c7   Thumb Code     0  startup_stm32f401xe.o(.text)
    DMA2_Stream5_IRQHandler                  0x080001c7   Thumb Code     0  startup_stm32f401xe.o(.text)
    DMA2_Stream6_IRQHandler                  0x080001c7   Thumb Code     0  startup_stm32f401xe.o(.text)
    DMA2_Stream7_IRQHandler                  0x080001c7   Thumb Code     0  startup_stm32f401xe.o(.text)
    EXTI0_IRQHandler                         0x080001c7   Thumb Code     0  startup_stm32f401xe.o(.text)
    EXTI15_10_IRQHandler                     0x080001c7   Thumb Code     0  startup_stm32f401xe.o(.text)
    EXTI1_IRQHandler                         0x080001c7   Thumb Code     0  startup_stm32f401xe.o(.text)
    EXTI2_IRQHandler                         0x080001c7   Thumb Code     0  startup_stm32f401xe.o(.text)
    EXTI3_IRQHandler                         0x080001c7   Thumb Code     0  startup_stm32f401xe.o(.text)
    EXTI4_IRQHandler                         0x080001c7   Thumb Code     0  startup_stm32f401xe.o(.text)
    EXTI9_5_IRQHandler                       0x080001c7   Thumb Code     0  startup_stm32f401xe.o(.text)
    FLASH_IRQHandler                         0x080001c7   Thumb Code     0  startup_stm32f401xe.o(.text)
    FPU_IRQHandler                           0x080001c7   Thumb Code     0  startup_stm32f401xe.o(.text)
    I2C1_ER_IRQHandler                       0x080001c7   Thumb Code     0  startup_stm32f401xe.o(.text)
    I2C1_EV_IRQHandler                       0x080001c7   Thumb Code     0  startup_stm32f401xe.o(.text)
    I2C2_ER_IRQHandler                       0x080001c7   Thumb Code     0  startup_stm32f401xe.o(.text)
    I2C2_EV_IRQHandler                       0x080001c7   Thumb Code     0  startup_stm32f401xe.o(.text)
    I2C3_ER_IRQHandler                       0x080001c7   Thumb Code     0  startup_stm32f401xe.o(.text)
    I2C3_EV_IRQHandler                       0x080001c7   Thumb Code     0  startup_stm32f401xe.o(.text)
    OTG_FS_WKUP_IRQHandler                   0x080001c7   Thumb Code     0  startup_stm32f401xe.o(.text)
    PVD_IRQHandler                           0x080001c7   Thumb Code     0  startup_stm32f401xe.o(.text)
    RCC_IRQHandler                           0x080001c7   Thumb Code     0  startup_stm32f401xe.o(.text)
    RTC_Alarm_IRQHandler                     0x080001c7   Thumb Code     0  startup_stm32f401xe.o(.text)
    RTC_WKUP_IRQHandler                      0x080001c7   Thumb Code     0  startup_stm32f401xe.o(.text)
    SDIO_IRQHandler                          0x080001c7   Thumb Code     0  startup_stm32f401xe.o(.text)
    SPI1_IRQHandler                          0x080001c7   Thumb Code     0  startup_stm32f401xe.o(.text)
    SPI2_IRQHandler                          0x080001c7   Thumb Code     0  startup_stm32f401xe.o(.text)
    SPI3_IRQHandler                          0x080001c7   Thumb Code     0  startup_stm32f401xe.o(.text)
    SPI4_IRQHandler                          0x080001c7   Thumb Code     0  startup_stm32f401xe.o(.text)
    TAMP_STAMP_IRQHandler                    0x080001c7   Thumb Code     0  startup_stm32f401xe.o(.text)
    TIM1_BRK_TIM9_IRQHandler                 0x080001c7   Thumb Code     0  startup_stm32f401xe.o(.text)
    TIM1_CC_IRQHandler                       0x080001c7   Thumb Code     0  startup_stm32f401xe.o(.text)
    TIM1_TRG_COM_TIM11_IRQHandler            0x080001c7   Thumb Code     0  startup_stm32f401xe.o(.text)
    TIM1_UP_TIM10_IRQHandler                 0x080001c7   Thumb Code     0  startup_stm32f401xe.o(.text)
    TIM2_IRQHandler                          0x080001c7   Thumb Code     0  startup_stm32f401xe.o(.text)
    TIM3_IRQHandler                          0x080001c7   Thumb Code     0  startup_stm32f401xe.o(.text)
    TIM4_IRQHandler                          0x080001c7   Thumb Code     0  startup_stm32f401xe.o(.text)
    TIM5_IRQHandler                          0x080001c7   Thumb Code     0  startup_stm32f401xe.o(.text)
    USART1_IRQHandler                        0x080001c7   Thumb Code     0  startup_stm32f401xe.o(.text)
    USART2_IRQHandler                        0x080001c7   Thumb Code     0  startup_stm32f401xe.o(.text)
    USART6_IRQHandler                        0x080001c7   Thumb Code     0  startup_stm32f401xe.o(.text)
    WWDG_IRQHandler                          0x080001c7   Thumb Code     0  startup_stm32f401xe.o(.text)
    __aeabi_uldivmod                         0x080001d1   Thumb Code    98  uldiv.o(.text)
    __aeabi_llsl                             0x08000233   Thumb Code    30  llshl.o(.text)
    _ll_shift_l                              0x08000233   Thumb Code     0  llshl.o(.text)
    __aeabi_llsr                             0x08000251   Thumb Code    32  llushr.o(.text)
    _ll_ushift_r                             0x08000251   Thumb Code     0  llushr.o(.text)
    __scatterload                            0x08000271   Thumb Code    28  init.o(.text)
    __scatterload_rt2                        0x08000271   Thumb Code     0  init.o(.text)
    __decompress                             0x08000295   Thumb Code     0  __dczerorl2.o(.text)
    __decompress1                            0x08000295   Thumb Code    86  __dczerorl2.o(.text)
    BusFault_Handler                         0x080002eb   Thumb Code     2  stm32f4xx_it.o(i.BusFault_Handler)
    DebugMon_Handler                         0x08000369   Thumb Code     2  stm32f4xx_it.o(i.DebugMon_Handler)
    Error_Handler                            0x0800036b   Thumb Code     4  main.o(i.Error_Handler)
    HAL_Delay                                0x08000371   Thumb Code    36  stm32f4xx_hal.o(i.HAL_Delay)
    HAL_GPIO_Init                            0x08000399   Thumb Code   490  stm32f4xx_hal_gpio.o(i.HAL_GPIO_Init)
    HAL_GPIO_TogglePin                       0x08000595   Thumb Code    16  stm32f4xx_hal_gpio.o(i.HAL_GPIO_TogglePin)
    HAL_GPIO_WritePin                        0x080005a5   Thumb Code    10  stm32f4xx_hal_gpio.o(i.HAL_GPIO_WritePin)
    HAL_GetTick                              0x080005b1   Thumb Code     6  stm32f4xx_hal.o(i.HAL_GetTick)
    HAL_IncTick                              0x080005bd   Thumb Code    16  stm32f4xx_hal.o(i.HAL_IncTick)
    HAL_Init                                 0x080005d5   Thumb Code    54  stm32f4xx_hal.o(i.HAL_Init)
    HAL_InitTick                             0x08000611   Thumb Code    64  stm32f4xx_hal.o(i.HAL_InitTick)
    HAL_MspInit                              0x0800065d   Thumb Code    42  stm32f4xx_hal_msp.o(i.HAL_MspInit)
    HAL_NVIC_EnableIRQ                       0x08000691   Thumb Code    30  stm32f4xx_hal_cortex.o(i.HAL_NVIC_EnableIRQ)
    HAL_NVIC_SetPriority                     0x080006b1   Thumb Code    96  stm32f4xx_hal_cortex.o(i.HAL_NVIC_SetPriority)
    HAL_NVIC_SetPriorityGrouping             0x08000715   Thumb Code    30  stm32f4xx_hal_cortex.o(i.HAL_NVIC_SetPriorityGrouping)
    HAL_PCDEx_LPM_Callback                   0x08000739   Thumb Code     2  stm32f4xx_hal_pcd_ex.o(i.HAL_PCDEx_LPM_Callback)
    HAL_PCDEx_SetRxFiFo                      0x0800073b   Thumb Code     8  stm32f4xx_hal_pcd_ex.o(i.HAL_PCDEx_SetRxFiFo)
    HAL_PCDEx_SetTxFiFo                      0x08000743   Thumb Code    76  stm32f4xx_hal_pcd_ex.o(i.HAL_PCDEx_SetTxFiFo)
    HAL_PCD_ConnectCallback                  0x0800078f   Thumb Code     8  usbd_conf.o(i.HAL_PCD_ConnectCallback)
    HAL_PCD_DataInStageCallback              0x08000797   Thumb Code    18  usbd_conf.o(i.HAL_PCD_DataInStageCallback)
    HAL_PCD_DataOutStageCallback             0x080007a9   Thumb Code    20  usbd_conf.o(i.HAL_PCD_DataOutStageCallback)
    HAL_PCD_DisconnectCallback               0x080007bd   Thumb Code     8  usbd_conf.o(i.HAL_PCD_DisconnectCallback)
    HAL_PCD_EP_Close                         0x080007c5   Thumb Code    76  stm32f4xx_hal_pcd.o(i.HAL_PCD_EP_Close)
    HAL_PCD_EP_ClrStall                      0x08000811   Thumb Code    94  stm32f4xx_hal_pcd.o(i.HAL_PCD_EP_ClrStall)
    HAL_PCD_EP_Open                          0x0800086f   Thumb Code    94  stm32f4xx_hal_pcd.o(i.HAL_PCD_EP_Open)
    HAL_PCD_EP_Receive                       0x080008cd   Thumb Code    74  stm32f4xx_hal_pcd.o(i.HAL_PCD_EP_Receive)
    HAL_PCD_EP_SetStall                      0x08000917   Thumb Code   114  stm32f4xx_hal_pcd.o(i.HAL_PCD_EP_SetStall)
    HAL_PCD_EP_Transmit                      0x08000989   Thumb Code    66  stm32f4xx_hal_pcd.o(i.HAL_PCD_EP_Transmit)
    HAL_PCD_IRQHandler                       0x080009cd   Thumb Code  1518  stm32f4xx_hal_pcd.o(i.HAL_PCD_IRQHandler)
    HAL_PCD_ISOINIncompleteCallback          0x08000fc5   Thumb Code     8  usbd_conf.o(i.HAL_PCD_ISOINIncompleteCallback)
    HAL_PCD_ISOOUTIncompleteCallback         0x08000fcd   Thumb Code     8  usbd_conf.o(i.HAL_PCD_ISOOUTIncompleteCallback)
    HAL_PCD_Init                             0x08000fd5   Thumb Code   260  stm32f4xx_hal_pcd.o(i.HAL_PCD_Init)
    HAL_PCD_MspInit                          0x080010d9   Thumb Code   120  usbd_conf.o(i.HAL_PCD_MspInit)
    HAL_PCD_ResetCallback                    0x08001161   Thumb Code    46  usbd_conf.o(i.HAL_PCD_ResetCallback)
    HAL_PCD_ResumeCallback                   0x0800118f   Thumb Code     8  usbd_conf.o(i.HAL_PCD_ResumeCallback)
    HAL_PCD_SOFCallback                      0x08001197   Thumb Code     8  usbd_conf.o(i.HAL_PCD_SOFCallback)
    HAL_PCD_SetAddress                       0x0800119f   Thumb Code    40  stm32f4xx_hal_pcd.o(i.HAL_PCD_SetAddress)
    HAL_PCD_SetupStageCallback               0x080011c7   Thumb Code    14  usbd_conf.o(i.HAL_PCD_SetupStageCallback)
    HAL_PCD_Start                            0x080011d5   Thumb Code    64  stm32f4xx_hal_pcd.o(i.HAL_PCD_Start)
    HAL_PCD_SuspendCallback                  0x08001215   Thumb Code    46  usbd_conf.o(i.HAL_PCD_SuspendCallback)
    HAL_RCC_ClockConfig                      0x08001249   Thumb Code   332  stm32f4xx_hal_rcc.o(i.HAL_RCC_ClockConfig)
    HAL_RCC_GetHCLKFreq                      0x080013ad   Thumb Code     6  stm32f4xx_hal_rcc.o(i.HAL_RCC_GetHCLKFreq)
    HAL_RCC_GetSysClockFreq                  0x080013b9   Thumb Code    98  stm32f4xx_hal_rcc.o(i.HAL_RCC_GetSysClockFreq)
    HAL_RCC_OscConfig                        0x0800142d   Thumb Code  1052  stm32f4xx_hal_rcc.o(i.HAL_RCC_OscConfig)
    HAL_SYSTICK_Config                       0x08001849   Thumb Code    38  stm32f4xx_hal_cortex.o(i.HAL_SYSTICK_Config)
    HAL_TIMEx_MasterConfigSynchronization    0x08001875   Thumb Code   132  stm32f4xx_hal_tim_ex.o(i.HAL_TIMEx_MasterConfigSynchronization)
    HAL_TIM_Encoder_Init                     0x080018f9   Thumb Code   196  stm32f4xx_hal_tim.o(i.HAL_TIM_Encoder_Init)
    HAL_TIM_Encoder_MspInit                  0x080019bd   Thumb Code    94  stm32f4xx_hal_msp.o(i.HAL_TIM_Encoder_MspInit)
    HardFault_Handler                        0x08001a29   Thumb Code     2  stm32f4xx_it.o(i.HardFault_Handler)
    MX_USB_DEVICE_Init                       0x08001a2d   Thumb Code    72  usb_device.o(i.MX_USB_DEVICE_Init)
    MemManage_Handler                        0x08001a85   Thumb Code     2  stm32f4xx_it.o(i.MemManage_Handler)
    NMI_Handler                              0x08001a87   Thumb Code     2  stm32f4xx_it.o(i.NMI_Handler)
    OTG_FS_IRQHandler                        0x08001a89   Thumb Code     6  stm32f4xx_it.o(i.OTG_FS_IRQHandler)
    PendSV_Handler                           0x08001a95   Thumb Code     2  stm32f4xx_it.o(i.PendSV_Handler)
    SVC_Handler                              0x08001a97   Thumb Code     2  stm32f4xx_it.o(i.SVC_Handler)
    SysTick_Handler                          0x08001a99   Thumb Code    40  stm32f4xx_it.o(i.SysTick_Handler)
    SystemClock_Config                       0x08001ac9   Thumb Code   142  main.o(i.SystemClock_Config)
    SystemInit                               0x08001b61   Thumb Code    12  system_stm32f4xx.o(i.SystemInit)
    TIM_Base_SetConfig                       0x08001b71   Thumb Code   138  stm32f4xx_hal_tim.o(i.TIM_Base_SetConfig)
    USBD_CUSTOM_HID_RegisterInterface        0x08001d37   Thumb Code    14  usbd_customhid.o(i.USBD_CUSTOM_HID_RegisterInterface)
    USBD_CUSTOM_HID_SendReport               0x08001d45   Thumb Code    60  usbd_customhid.o(i.USBD_CUSTOM_HID_SendReport)
    USBD_ClrClassConfig                      0x08001e8d   Thumb Code    18  usbd_core.o(i.USBD_ClrClassConfig)
    USBD_CtlContinueRx                       0x08001e9f   Thumb Code    16  usbd_ioreq.o(i.USBD_CtlContinueRx)
    USBD_CtlContinueSendData                 0x08001eaf   Thumb Code    16  usbd_ioreq.o(i.USBD_CtlContinueSendData)
    USBD_CtlError                            0x08001ebf   Thumb Code    22  usbd_ctlreq.o(i.USBD_CtlError)
    USBD_CtlPrepareRx                        0x08001ed5   Thumb Code    30  usbd_ioreq.o(i.USBD_CtlPrepareRx)
    USBD_CtlReceiveStatus                    0x08001ef3   Thumb Code    22  usbd_ioreq.o(i.USBD_CtlReceiveStatus)
    USBD_CtlSendData                         0x08001f09   Thumb Code    26  usbd_ioreq.o(i.USBD_CtlSendData)
    USBD_CtlSendStatus                       0x08001f23   Thumb Code    22  usbd_ioreq.o(i.USBD_CtlSendStatus)
    USBD_FS_ConfigStrDescriptor              0x08001f39   Thumb Code    16  usbd_desc.o(i.USBD_FS_ConfigStrDescriptor)
    USBD_FS_DeviceDescriptor                 0x08001f61   Thumb Code     8  usbd_desc.o(i.USBD_FS_DeviceDescriptor)
    USBD_FS_InterfaceStrDescriptor           0x08001f6d   Thumb Code    16  usbd_desc.o(i.USBD_FS_InterfaceStrDescriptor)
    USBD_FS_LangIDStrDescriptor              0x08001f99   Thumb Code     8  usbd_desc.o(i.USBD_FS_LangIDStrDescriptor)
    USBD_FS_ManufacturerStrDescriptor        0x08001fa5   Thumb Code    16  usbd_desc.o(i.USBD_FS_ManufacturerStrDescriptor)
    USBD_FS_ProductStrDescriptor             0x08001fcd   Thumb Code    16  usbd_desc.o(i.USBD_FS_ProductStrDescriptor)
    USBD_FS_SerialStrDescriptor              0x08002001   Thumb Code   132  usbd_desc.o(i.USBD_FS_SerialStrDescriptor)
    USBD_GetString                           0x0800219b   Thumb Code   102  usbd_ctlreq.o(i.USBD_GetString)
    USBD_Get_USB_Status                      0x08002201   Thumb Code    26  usbd_conf.o(i.USBD_Get_USB_Status)
    USBD_Init                                0x0800221b   Thumb Code    42  usbd_core.o(i.USBD_Init)
    USBD_LL_ClearStallEP                     0x08002245   Thumb Code    18  usbd_conf.o(i.USBD_LL_ClearStallEP)
    USBD_LL_CloseEP                          0x08002257   Thumb Code    18  usbd_conf.o(i.USBD_LL_CloseEP)
    USBD_LL_DataInStage                      0x08002269   Thumb Code   184  usbd_core.o(i.USBD_LL_DataInStage)
    USBD_LL_DataOutStage                     0x08002321   Thumb Code   112  usbd_core.o(i.USBD_LL_DataOutStage)
    USBD_LL_DevConnected                     0x08002391   Thumb Code     4  usbd_core.o(i.USBD_LL_DevConnected)
    USBD_LL_DevDisconnected                  0x08002395   Thumb Code    24  usbd_core.o(i.USBD_LL_DevDisconnected)
    USBD_LL_Init                             0x080023ad   Thumb Code    92  usbd_conf.o(i.USBD_LL_Init)
    USBD_LL_IsStallEP                        0x0800240d   Thumb Code    32  usbd_conf.o(i.USBD_LL_IsStallEP)
    USBD_LL_IsoINIncomplete                  0x0800242d   Thumb Code    34  usbd_core.o(i.USBD_LL_IsoINIncomplete)
    USBD_LL_IsoOUTIncomplete                 0x0800244f   Thumb Code    34  usbd_core.o(i.USBD_LL_IsoOUTIncomplete)
    USBD_LL_OpenEP                           0x08002471   Thumb Code    24  usbd_conf.o(i.USBD_LL_OpenEP)
    USBD_LL_PrepareReceive                   0x08002489   Thumb Code    18  usbd_conf.o(i.USBD_LL_PrepareReceive)
    USBD_LL_Reset                            0x0800249b   Thumb Code    98  usbd_core.o(i.USBD_LL_Reset)
    USBD_LL_Resume                           0x080024fd   Thumb Code    20  usbd_core.o(i.USBD_LL_Resume)
    USBD_LL_SOF                              0x08002511   Thumb Code    34  usbd_core.o(i.USBD_LL_SOF)
    USBD_LL_SetSpeed                         0x08002533   Thumb Code     6  usbd_core.o(i.USBD_LL_SetSpeed)
    USBD_LL_SetUSBAddress                    0x08002539   Thumb Code    18  usbd_conf.o(i.USBD_LL_SetUSBAddress)
    USBD_LL_SetupStage                       0x0800254b   Thumb Code   100  usbd_core.o(i.USBD_LL_SetupStage)
    USBD_LL_StallEP                          0x080025af   Thumb Code    18  usbd_conf.o(i.USBD_LL_StallEP)
    USBD_LL_Start                            0x080025c1   Thumb Code    18  usbd_conf.o(i.USBD_LL_Start)
    USBD_LL_Suspend                          0x080025d3   Thumb Code    18  usbd_core.o(i.USBD_LL_Suspend)
    USBD_LL_Transmit                         0x080025e5   Thumb Code    18  usbd_conf.o(i.USBD_LL_Transmit)
    USBD_ParseSetupRequest                   0x080025f7   Thumb Code    46  usbd_ctlreq.o(i.USBD_ParseSetupRequest)
    USBD_RegisterClass                       0x08002625   Thumb Code    38  usbd_core.o(i.USBD_RegisterClass)
    USBD_SetClassConfig                      0x0800264b   Thumb Code    20  usbd_core.o(i.USBD_SetClassConfig)
    USBD_Start                               0x0800265f   Thumb Code     4  usbd_core.o(i.USBD_Start)
    USBD_StdDevReq                           0x08002665   Thumb Code   474  usbd_ctlreq.o(i.USBD_StdDevReq)
    USBD_StdEPReq                            0x08002845   Thumb Code   364  usbd_ctlreq.o(i.USBD_StdEPReq)
    USBD_StdItfReq                           0x080029b1   Thumb Code    88  usbd_ctlreq.o(i.USBD_StdItfReq)
    USBD_static_free                         0x08002a09   Thumb Code     2  usbd_conf.o(i.USBD_static_free)
    USBD_static_malloc                       0x08002a0d   Thumb Code     4  usbd_conf.o(i.USBD_static_malloc)
    USB_ActivateEndpoint                     0x08002a15   Thumb Code   146  stm32f4xx_ll_usb.o(i.USB_ActivateEndpoint)
    USB_ActivateSetup                        0x08002aad   Thumb Code    28  stm32f4xx_ll_usb.o(i.USB_ActivateSetup)
    USB_CoreInit                             0x08002ac9   Thumb Code   202  stm32f4xx_ll_usb.o(i.USB_CoreInit)
    USB_DeactivateEndpoint                   0x08002b99   Thumb Code   212  stm32f4xx_ll_usb.o(i.USB_DeactivateEndpoint)
    USB_DevConnect                           0x08002c75   Thumb Code    28  stm32f4xx_ll_usb.o(i.USB_DevConnect)
    USB_DevDisconnect                        0x08002c91   Thumb Code    28  stm32f4xx_ll_usb.o(i.USB_DevDisconnect)
    USB_DevInit                              0x08002cad   Thumb Code   414  stm32f4xx_ll_usb.o(i.USB_DevInit)
    USB_DisableGlobalInt                     0x08002e55   Thumb Code    12  stm32f4xx_ll_usb.o(i.USB_DisableGlobalInt)
    USB_EP0StartXfer                         0x08002e61   Thumb Code   298  stm32f4xx_ll_usb.o(i.USB_EP0StartXfer)
    USB_EP0_OutStart                         0x08002f8d   Thumb Code    86  stm32f4xx_ll_usb.o(i.USB_EP0_OutStart)
    USB_EPClearStall                         0x08002fe9   Thumb Code    90  stm32f4xx_ll_usb.o(i.USB_EPClearStall)
    USB_EPSetStall                           0x08003043   Thumb Code    94  stm32f4xx_ll_usb.o(i.USB_EPSetStall)
    USB_EPStartXfer                          0x080030a1   Thumb Code   546  stm32f4xx_ll_usb.o(i.USB_EPStartXfer)
    USB_EnableGlobalInt                      0x080032c3   Thumb Code    12  stm32f4xx_ll_usb.o(i.USB_EnableGlobalInt)
    USB_FlushTxFifo                          0x080032d1   Thumb Code    34  stm32f4xx_ll_usb.o(i.USB_FlushTxFifo)
    USB_GetDevSpeed                          0x080032f9   Thumb Code    24  stm32f4xx_ll_usb.o(i.USB_GetDevSpeed)
    USB_GetMode                              0x08003311   Thumb Code     8  stm32f4xx_ll_usb.o(i.USB_GetMode)
    USB_ReadDevAllInEpInterrupt              0x08003319   Thumb Code    14  stm32f4xx_ll_usb.o(i.USB_ReadDevAllInEpInterrupt)
    USB_ReadDevAllOutEpInterrupt             0x08003327   Thumb Code    14  stm32f4xx_ll_usb.o(i.USB_ReadDevAllOutEpInterrupt)
    USB_ReadDevInEPInterrupt                 0x08003335   Thumb Code    36  stm32f4xx_ll_usb.o(i.USB_ReadDevInEPInterrupt)
    USB_ReadDevOutEPInterrupt                0x08003359   Thumb Code    16  stm32f4xx_ll_usb.o(i.USB_ReadDevOutEPInterrupt)
    USB_ReadInterrupts                       0x08003369   Thumb Code     8  stm32f4xx_ll_usb.o(i.USB_ReadInterrupts)
    USB_ReadPacket                           0x08003371   Thumb Code    36  stm32f4xx_ll_usb.o(i.USB_ReadPacket)
    USB_SetCurrentMode                       0x08003395   Thumb Code    48  stm32f4xx_ll_usb.o(i.USB_SetCurrentMode)
    USB_SetDevAddress                        0x080033c5   Thumb Code    34  stm32f4xx_ll_usb.o(i.USB_SetDevAddress)
    USB_SetTurnaroundTime                    0x080033e9   Thumb Code   168  stm32f4xx_ll_usb.o(i.USB_SetTurnaroundTime)
    USB_WritePacket                          0x080034cd   Thumb Code    48  stm32f4xx_ll_usb.o(i.USB_WritePacket)
    UsageFault_Handler                       0x080034fd   Thumb Code     2  stm32f4xx_it.o(i.UsageFault_Handler)
    __scatterload_copy                       0x080034ff   Thumb Code    14  handlers.o(i.__scatterload_copy)
    __scatterload_null                       0x0800350d   Thumb Code     2  handlers.o(i.__scatterload_null)
    __scatterload_zeroinit                   0x0800350f   Thumb Code    14  handlers.o(i.__scatterload_zeroinit)
    main                                     0x0800351d   Thumb Code   256  main.o(i.main)
    AHBPrescTable                            0x0800363c   Data          16  system_stm32f4xx.o(.constdata)
    Region$$Table$$Base                      0x0800364c   Number         0  anon$$obj.o(Region$$Table)
    Region$$Table$$Limit                     0x0800366c   Number         0  anon$$obj.o(Region$$Table)
    cnt                                      0x20000000   Data           4  main.o(.data)
    dataToSend1                              0x20000004   Data           5  main.o(.data)
    dataToSend2                              0x20000009   Data           5  main.o(.data)
    cou                                      0x20000010   Data           4  stm32f4xx_it.o(.data)
    FS_Desc                                  0x20000014   Data          28  usbd_desc.o(.data)
    USBD_LangIDDesc                          0x20000030   Data           4  usbd_desc.o(.data)
    USBD_FS_DeviceDesc                       0x20000034   Data          18  usbd_desc.o(.data)
    USBD_StringSerial                        0x20000048   Data          26  usbd_desc.o(.data)
    send_data                                0x20000062   Data           1  usbd_custom_hid_if.o(.data)
    dataToReceive                            0x20000063   Data           4  usbd_custom_hid_if.o(.data)
    USBD_CustomHID_fops_FS                   0x200000d4   Data          16  usbd_custom_hid_if.o(.data)
    uwTick                                   0x200000e4   Data           4  stm32f4xx_hal.o(.data)
    uwTickPrio                               0x200000e8   Data           4  stm32f4xx_hal.o(.data)
    uwTickFreq                               0x200000ec   Data           1  stm32f4xx_hal.o(.data)
    SystemCoreClock                          0x200000f0   Data           4  system_stm32f4xx.o(.data)
    USBD_CUSTOM_HID                          0x200000f8   Data          56  usbd_customhid.o(.data)
    htim1                                    0x200001cc   Data          72  main.o(.bss)
    hUsbDeviceFS                             0x20000214   Data         720  usb_device.o(.bss)
    USBD_StrDesc                             0x200004e4   Data         512  usbd_desc.o(.bss)
    hpcd_USB_OTG_FS                          0x20000700   Data        1032  usbd_conf.o(.bss)
    __initial_sp                             0x20001b08   Data           0  startup_stm32f401xe.o(STACK)



==============================================================================

Memory Map of the image

  Image Entry point : 0x08000195

  Load Region LR_IROM1 (Base: 0x08000000, Size: 0x00003838, Max: 0x00080000, ABSOLUTE, COMPRESSED[0x0000375c])

    Execution Region ER_IROM1 (Exec base: 0x08000000, Load base: 0x08000000, Size: 0x0000366c, Max: 0x00080000, ABSOLUTE)

    Exec Addr    Load Addr    Size         Type   Attr      Idx    E Section Name        Object

    0x08000000   0x08000000   0x00000194   Data   RO            3    RESET               startup_stm32f401xe.o
    0x08000194   0x08000194   0x00000000   Code   RO         3683  * .ARM.Collect$$$$00000000  mc_w.l(entry.o)
    0x08000194   0x08000194   0x00000004   Code   RO         3688    .ARM.Collect$$$$00000001  mc_w.l(entry2.o)
    0x08000198   0x08000198   0x00000004   Code   RO         3691    .ARM.Collect$$$$00000004  mc_w.l(entry5.o)
    0x0800019c   0x0800019c   0x00000000   Code   RO         3693    .ARM.Collect$$$$00000008  mc_w.l(entry7b.o)
    0x0800019c   0x0800019c   0x00000000   Code   RO         3695    .ARM.Collect$$$$0000000A  mc_w.l(entry8b.o)
    0x0800019c   0x0800019c   0x00000008   Code   RO         3696    .ARM.Collect$$$$0000000B  mc_w.l(entry9a.o)
    0x080001a4   0x080001a4   0x00000004   Code   RO         3703    .ARM.Collect$$$$0000000E  mc_w.l(entry12b.o)
    0x080001a8   0x080001a8   0x00000000   Code   RO         3698    .ARM.Collect$$$$0000000F  mc_w.l(entry10a.o)
    0x080001a8   0x080001a8   0x00000000   Code   RO         3700    .ARM.Collect$$$$00000011  mc_w.l(entry11a.o)
    0x080001a8   0x080001a8   0x00000004   Code   RO         3689    .ARM.Collect$$$$00002712  mc_w.l(entry2.o)
    0x080001ac   0x080001ac   0x00000024   Code   RO            4    .text               startup_stm32f401xe.o
    0x080001d0   0x080001d0   0x00000062   Code   RO         3686    .text               mc_w.l(uldiv.o)
    0x08000232   0x08000232   0x0000001e   Code   RO         3704    .text               mc_w.l(llshl.o)
    0x08000250   0x08000250   0x00000020   Code   RO         3706    .text               mc_w.l(llushr.o)
    0x08000270   0x08000270   0x00000024   Code   RO         3708    .text               mc_w.l(init.o)
    0x08000294   0x08000294   0x00000056   Code   RO         3718    .text               mc_w.l(__dczerorl2.o)
    0x080002ea   0x080002ea   0x00000002   Code   RO          189    i.BusFault_Handler  stm32f4xx_it.o
    0x080002ec   0x080002ec   0x00000004   Code   RO          426    i.CUSTOM_HID_DeInit_FS  usbd_custom_hid_if.o
    0x080002f0   0x080002f0   0x00000004   Code   RO          427    i.CUSTOM_HID_Init_FS  usbd_custom_hid_if.o
    0x080002f4   0x080002f4   0x00000074   Code   RO          428    i.CUSTOM_HID_OutEvent_FS  usbd_custom_hid_if.o
    0x08000368   0x08000368   0x00000002   Code   RO          190    i.DebugMon_Handler  stm32f4xx_it.o
    0x0800036a   0x0800036a   0x00000004   Code   RO           13    i.Error_Handler     main.o
    0x0800036e   0x0800036e   0x00000002   PAD
    0x08000370   0x08000370   0x00000028   Code   RO         2102    i.HAL_Delay         stm32f4xx_hal.o
    0x08000398   0x08000398   0x000001fc   Code   RO         1577    i.HAL_GPIO_Init     stm32f4xx_hal_gpio.o
    0x08000594   0x08000594   0x00000010   Code   RO         1580    i.HAL_GPIO_TogglePin  stm32f4xx_hal_gpio.o
    0x080005a4   0x080005a4   0x0000000a   Code   RO         1581    i.HAL_GPIO_WritePin  stm32f4xx_hal_gpio.o
    0x080005ae   0x080005ae   0x00000002   PAD
    0x080005b0   0x080005b0   0x0000000c   Code   RO         2108    i.HAL_GetTick       stm32f4xx_hal.o
    0x080005bc   0x080005bc   0x00000018   Code   RO         2114    i.HAL_IncTick       stm32f4xx_hal.o
    0x080005d4   0x080005d4   0x0000003c   Code   RO         2115    i.HAL_Init          stm32f4xx_hal.o
    0x08000610   0x08000610   0x0000004c   Code   RO         2116    i.HAL_InitTick      stm32f4xx_hal.o
    0x0800065c   0x0800065c   0x00000034   Code   RO          274    i.HAL_MspInit       stm32f4xx_hal_msp.o
    0x08000690   0x08000690   0x0000001e   Code   RO         1970    i.HAL_NVIC_EnableIRQ  stm32f4xx_hal_cortex.o
    0x080006ae   0x080006ae   0x00000002   PAD
    0x080006b0   0x080006b0   0x00000064   Code   RO         1976    i.HAL_NVIC_SetPriority  stm32f4xx_hal_cortex.o
    0x08000714   0x08000714   0x00000024   Code   RO         1977    i.HAL_NVIC_SetPriorityGrouping  stm32f4xx_hal_cortex.o
    0x08000738   0x08000738   0x00000002   Code   RO          892    i.HAL_PCDEx_LPM_Callback  stm32f4xx_hal_pcd_ex.o
    0x0800073a   0x0800073a   0x00000008   Code   RO          893    i.HAL_PCDEx_SetRxFiFo  stm32f4xx_hal_pcd_ex.o
    0x08000742   0x08000742   0x0000004c   Code   RO          894    i.HAL_PCDEx_SetTxFiFo  stm32f4xx_hal_pcd_ex.o
    0x0800078e   0x0800078e   0x00000008   Code   RO          468    i.HAL_PCD_ConnectCallback  usbd_conf.o
    0x08000796   0x08000796   0x00000012   Code   RO          469    i.HAL_PCD_DataInStageCallback  usbd_conf.o
    0x080007a8   0x080007a8   0x00000014   Code   RO          470    i.HAL_PCD_DataOutStageCallback  usbd_conf.o
    0x080007bc   0x080007bc   0x00000008   Code   RO          471    i.HAL_PCD_DisconnectCallback  usbd_conf.o
    0x080007c4   0x080007c4   0x0000004c   Code   RO          684    i.HAL_PCD_EP_Close  stm32f4xx_hal_pcd.o
    0x08000810   0x08000810   0x0000005e   Code   RO          685    i.HAL_PCD_EP_ClrStall  stm32f4xx_hal_pcd.o
    0x0800086e   0x0800086e   0x0000005e   Code   RO          688    i.HAL_PCD_EP_Open   stm32f4xx_hal_pcd.o
    0x080008cc   0x080008cc   0x0000004a   Code   RO          689    i.HAL_PCD_EP_Receive  stm32f4xx_hal_pcd.o
    0x08000916   0x08000916   0x00000072   Code   RO          690    i.HAL_PCD_EP_SetStall  stm32f4xx_hal_pcd.o
    0x08000988   0x08000988   0x00000042   Code   RO          691    i.HAL_PCD_EP_Transmit  stm32f4xx_hal_pcd.o
    0x080009ca   0x080009ca   0x00000002   PAD
    0x080009cc   0x080009cc   0x000005f8   Code   RO          693    i.HAL_PCD_IRQHandler  stm32f4xx_hal_pcd.o
    0x08000fc4   0x08000fc4   0x00000008   Code   RO          472    i.HAL_PCD_ISOINIncompleteCallback  usbd_conf.o
    0x08000fcc   0x08000fcc   0x00000008   Code   RO          473    i.HAL_PCD_ISOOUTIncompleteCallback  usbd_conf.o
    0x08000fd4   0x08000fd4   0x00000104   Code   RO          696    i.HAL_PCD_Init      stm32f4xx_hal_pcd.o
    0x080010d8   0x080010d8   0x00000088   Code   RO          475    i.HAL_PCD_MspInit   usbd_conf.o
    0x08001160   0x08001160   0x0000002e   Code   RO          476    i.HAL_PCD_ResetCallback  usbd_conf.o
    0x0800118e   0x0800118e   0x00000008   Code   RO          477    i.HAL_PCD_ResumeCallback  usbd_conf.o
    0x08001196   0x08001196   0x00000008   Code   RO          478    i.HAL_PCD_SOFCallback  usbd_conf.o
    0x0800119e   0x0800119e   0x00000028   Code   RO          702    i.HAL_PCD_SetAddress  stm32f4xx_hal_pcd.o
    0x080011c6   0x080011c6   0x0000000e   Code   RO          479    i.HAL_PCD_SetupStageCallback  usbd_conf.o
    0x080011d4   0x080011d4   0x00000040   Code   RO          704    i.HAL_PCD_Start     stm32f4xx_hal_pcd.o
    0x08001214   0x08001214   0x00000034   Code   RO          480    i.HAL_PCD_SuspendCallback  usbd_conf.o
    0x08001248   0x08001248   0x00000164   Code   RO         1226    i.HAL_RCC_ClockConfig  stm32f4xx_hal_rcc.o
    0x080013ac   0x080013ac   0x0000000c   Code   RO         1231    i.HAL_RCC_GetHCLKFreq  stm32f4xx_hal_rcc.o
    0x080013b8   0x080013b8   0x00000074   Code   RO         1235    i.HAL_RCC_GetSysClockFreq  stm32f4xx_hal_rcc.o
    0x0800142c   0x0800142c   0x0000041c   Code   RO         1238    i.HAL_RCC_OscConfig  stm32f4xx_hal_rcc.o
    0x08001848   0x08001848   0x0000002c   Code   RO         1981    i.HAL_SYSTICK_Config  stm32f4xx_hal_cortex.o
    0x08001874   0x08001874   0x00000084   Code   RO         3046    i.HAL_TIMEx_MasterConfigSynchronization  stm32f4xx_hal_tim_ex.o
    0x080018f8   0x080018f8   0x000000c4   Code   RO         2376    i.HAL_TIM_Encoder_Init  stm32f4xx_hal_tim.o
    0x080019bc   0x080019bc   0x0000006c   Code   RO          276    i.HAL_TIM_Encoder_MspInit  stm32f4xx_hal_msp.o
    0x08001a28   0x08001a28   0x00000002   Code   RO          191    i.HardFault_Handler  stm32f4xx_it.o
    0x08001a2a   0x08001a2a   0x00000002   PAD
    0x08001a2c   0x08001a2c   0x00000058   Code   RO          310    i.MX_USB_DEVICE_Init  usb_device.o
    0x08001a84   0x08001a84   0x00000002   Code   RO          192    i.MemManage_Handler  stm32f4xx_it.o
    0x08001a86   0x08001a86   0x00000002   Code   RO          193    i.NMI_Handler       stm32f4xx_it.o
    0x08001a88   0x08001a88   0x0000000c   Code   RO          194    i.OTG_FS_IRQHandler  stm32f4xx_it.o
    0x08001a94   0x08001a94   0x00000002   Code   RO          195    i.PendSV_Handler    stm32f4xx_it.o
    0x08001a96   0x08001a96   0x00000002   Code   RO          196    i.SVC_Handler       stm32f4xx_it.o
    0x08001a98   0x08001a98   0x00000030   Code   RO          197    i.SysTick_Handler   stm32f4xx_it.o
    0x08001ac8   0x08001ac8   0x00000098   Code   RO           14    i.SystemClock_Config  main.o
    0x08001b60   0x08001b60   0x00000010   Code   RO         3295    i.SystemInit        system_stm32f4xx.o
    0x08001b70   0x08001b70   0x0000009c   Code   RO         2448    i.TIM_Base_SetConfig  stm32f4xx_hal_tim.o
    0x08001c0c   0x08001c0c   0x0000000c   Code   RO         3593    i.USBD_CUSTOM_HID_DataIn  usbd_customhid.o
    0x08001c18   0x08001c18   0x00000020   Code   RO         3594    i.USBD_CUSTOM_HID_DataOut  usbd_customhid.o
    0x08001c38   0x08001c38   0x0000003e   Code   RO         3595    i.USBD_CUSTOM_HID_DeInit  usbd_customhid.o
    0x08001c76   0x08001c76   0x0000002a   Code   RO         3596    i.USBD_CUSTOM_HID_EP0_RxReady  usbd_customhid.o
    0x08001ca0   0x08001ca0   0x0000000c   Code   RO         3597    i.USBD_CUSTOM_HID_GetDeviceQualifierDesc  usbd_customhid.o
    0x08001cac   0x08001cac   0x0000000c   Code   RO         3598    i.USBD_CUSTOM_HID_GetFSCfgDesc  usbd_customhid.o
    0x08001cb8   0x08001cb8   0x0000000c   Code   RO         3599    i.USBD_CUSTOM_HID_GetHSCfgDesc  usbd_customhid.o
    0x08001cc4   0x08001cc4   0x0000000c   Code   RO         3600    i.USBD_CUSTOM_HID_GetOtherSpeedCfgDesc  usbd_customhid.o
    0x08001cd0   0x08001cd0   0x00000066   Code   RO         3601    i.USBD_CUSTOM_HID_Init  usbd_customhid.o
    0x08001d36   0x08001d36   0x0000000e   Code   RO         3603    i.USBD_CUSTOM_HID_RegisterInterface  usbd_customhid.o
    0x08001d44   0x08001d44   0x0000003c   Code   RO         3604    i.USBD_CUSTOM_HID_SendReport  usbd_customhid.o
    0x08001d80   0x08001d80   0x0000010c   Code   RO         3605    i.USBD_CUSTOM_HID_Setup  usbd_customhid.o
    0x08001e8c   0x08001e8c   0x00000012   Code   RO         3332    i.USBD_ClrClassConfig  usbd_core.o
    0x08001e9e   0x08001e9e   0x00000010   Code   RO         3533    i.USBD_CtlContinueRx  usbd_ioreq.o
    0x08001eae   0x08001eae   0x00000010   Code   RO         3534    i.USBD_CtlContinueSendData  usbd_ioreq.o
    0x08001ebe   0x08001ebe   0x00000016   Code   RO         3470    i.USBD_CtlError     usbd_ctlreq.o
    0x08001ed4   0x08001ed4   0x0000001e   Code   RO         3535    i.USBD_CtlPrepareRx  usbd_ioreq.o
    0x08001ef2   0x08001ef2   0x00000016   Code   RO         3536    i.USBD_CtlReceiveStatus  usbd_ioreq.o
    0x08001f08   0x08001f08   0x0000001a   Code   RO         3537    i.USBD_CtlSendData  usbd_ioreq.o
    0x08001f22   0x08001f22   0x00000016   Code   RO         3538    i.USBD_CtlSendStatus  usbd_ioreq.o
    0x08001f38   0x08001f38   0x00000028   Code   RO          345    i.USBD_FS_ConfigStrDescriptor  usbd_desc.o
    0x08001f60   0x08001f60   0x0000000c   Code   RO          346    i.USBD_FS_DeviceDescriptor  usbd_desc.o
    0x08001f6c   0x08001f6c   0x0000002c   Code   RO          347    i.USBD_FS_InterfaceStrDescriptor  usbd_desc.o
    0x08001f98   0x08001f98   0x0000000c   Code   RO          348    i.USBD_FS_LangIDStrDescriptor  usbd_desc.o
    0x08001fa4   0x08001fa4   0x00000028   Code   RO          349    i.USBD_FS_ManufacturerStrDescriptor  usbd_desc.o
    0x08001fcc   0x08001fcc   0x00000034   Code   RO          350    i.USBD_FS_ProductStrDescriptor  usbd_desc.o
    0x08002000   0x08002000   0x0000008c   Code   RO          351    i.USBD_FS_SerialStrDescriptor  usbd_desc.o
    0x0800208c   0x0800208c   0x0000010e   Code   RO         3471    i.USBD_GetDescriptor  usbd_ctlreq.o
    0x0800219a   0x0800219a   0x00000066   Code   RO         3472    i.USBD_GetString    usbd_ctlreq.o
    0x08002200   0x08002200   0x0000001a   Code   RO          481    i.USBD_Get_USB_Status  usbd_conf.o
    0x0800221a   0x0800221a   0x0000002a   Code   RO         3334    i.USBD_Init         usbd_core.o
    0x08002244   0x08002244   0x00000012   Code   RO          482    i.USBD_LL_ClearStallEP  usbd_conf.o
    0x08002256   0x08002256   0x00000012   Code   RO          483    i.USBD_LL_CloseEP   usbd_conf.o
    0x08002268   0x08002268   0x000000b8   Code   RO         3335    i.USBD_LL_DataInStage  usbd_core.o
    0x08002320   0x08002320   0x00000070   Code   RO         3336    i.USBD_LL_DataOutStage  usbd_core.o
    0x08002390   0x08002390   0x00000004   Code   RO         3337    i.USBD_LL_DevConnected  usbd_core.o
    0x08002394   0x08002394   0x00000018   Code   RO         3338    i.USBD_LL_DevDisconnected  usbd_core.o
    0x080023ac   0x080023ac   0x00000060   Code   RO          488    i.USBD_LL_Init      usbd_conf.o
    0x0800240c   0x0800240c   0x00000020   Code   RO          489    i.USBD_LL_IsStallEP  usbd_conf.o
    0x0800242c   0x0800242c   0x00000022   Code   RO         3339    i.USBD_LL_IsoINIncomplete  usbd_core.o
    0x0800244e   0x0800244e   0x00000022   Code   RO         3340    i.USBD_LL_IsoOUTIncomplete  usbd_core.o
    0x08002470   0x08002470   0x00000018   Code   RO          490    i.USBD_LL_OpenEP    usbd_conf.o
    0x08002488   0x08002488   0x00000012   Code   RO          491    i.USBD_LL_PrepareReceive  usbd_conf.o
    0x0800249a   0x0800249a   0x00000062   Code   RO         3341    i.USBD_LL_Reset     usbd_core.o
    0x080024fc   0x080024fc   0x00000014   Code   RO         3342    i.USBD_LL_Resume    usbd_core.o
    0x08002510   0x08002510   0x00000022   Code   RO         3343    i.USBD_LL_SOF       usbd_core.o
    0x08002532   0x08002532   0x00000006   Code   RO         3344    i.USBD_LL_SetSpeed  usbd_core.o
    0x08002538   0x08002538   0x00000012   Code   RO          492    i.USBD_LL_SetUSBAddress  usbd_conf.o
    0x0800254a   0x0800254a   0x00000064   Code   RO         3345    i.USBD_LL_SetupStage  usbd_core.o
    0x080025ae   0x080025ae   0x00000012   Code   RO          493    i.USBD_LL_StallEP   usbd_conf.o
    0x080025c0   0x080025c0   0x00000012   Code   RO          494    i.USBD_LL_Start     usbd_conf.o
    0x080025d2   0x080025d2   0x00000012   Code   RO         3346    i.USBD_LL_Suspend   usbd_core.o
    0x080025e4   0x080025e4   0x00000012   Code   RO          496    i.USBD_LL_Transmit  usbd_conf.o
    0x080025f6   0x080025f6   0x0000002e   Code   RO         3473    i.USBD_ParseSetupRequest  usbd_ctlreq.o
    0x08002624   0x08002624   0x00000026   Code   RO         3347    i.USBD_RegisterClass  usbd_core.o
    0x0800264a   0x0800264a   0x00000014   Code   RO         3349    i.USBD_SetClassConfig  usbd_core.o
    0x0800265e   0x0800265e   0x00000004   Code   RO         3350    i.USBD_Start        usbd_core.o
    0x08002662   0x08002662   0x00000002   PAD
    0x08002664   0x08002664   0x000001e0   Code   RO         3474    i.USBD_StdDevReq    usbd_ctlreq.o
    0x08002844   0x08002844   0x0000016c   Code   RO         3475    i.USBD_StdEPReq     usbd_ctlreq.o
    0x080029b0   0x080029b0   0x00000058   Code   RO         3476    i.USBD_StdItfReq    usbd_ctlreq.o
    0x08002a08   0x08002a08   0x00000002   Code   RO          497    i.USBD_static_free  usbd_conf.o
    0x08002a0a   0x08002a0a   0x00000002   PAD
    0x08002a0c   0x08002a0c   0x00000008   Code   RO          498    i.USBD_static_malloc  usbd_conf.o
    0x08002a14   0x08002a14   0x00000098   Code   RO          934    i.USB_ActivateEndpoint  stm32f4xx_ll_usb.o
    0x08002aac   0x08002aac   0x0000001c   Code   RO          936    i.USB_ActivateSetup  stm32f4xx_ll_usb.o
    0x08002ac8   0x08002ac8   0x000000d0   Code   RO          938    i.USB_CoreInit      stm32f4xx_ll_usb.o
    0x08002b98   0x08002b98   0x000000dc   Code   RO          941    i.USB_DeactivateEndpoint  stm32f4xx_ll_usb.o
    0x08002c74   0x08002c74   0x0000001c   Code   RO          942    i.USB_DevConnect    stm32f4xx_ll_usb.o
    0x08002c90   0x08002c90   0x0000001c   Code   RO          943    i.USB_DevDisconnect  stm32f4xx_ll_usb.o
    0x08002cac   0x08002cac   0x000001a8   Code   RO          944    i.USB_DevInit       stm32f4xx_ll_usb.o
    0x08002e54   0x08002e54   0x0000000c   Code   RO          945    i.USB_DisableGlobalInt  stm32f4xx_ll_usb.o
    0x08002e60   0x08002e60   0x0000012a   Code   RO          948    i.USB_EP0StartXfer  stm32f4xx_ll_usb.o
    0x08002f8a   0x08002f8a   0x00000002   PAD
    0x08002f8c   0x08002f8c   0x0000005c   Code   RO          949    i.USB_EP0_OutStart  stm32f4xx_ll_usb.o
    0x08002fe8   0x08002fe8   0x0000005a   Code   RO          950    i.USB_EPClearStall  stm32f4xx_ll_usb.o
    0x08003042   0x08003042   0x0000005e   Code   RO          951    i.USB_EPSetStall    stm32f4xx_ll_usb.o
    0x080030a0   0x080030a0   0x00000222   Code   RO          952    i.USB_EPStartXfer   stm32f4xx_ll_usb.o
    0x080032c2   0x080032c2   0x0000000c   Code   RO          953    i.USB_EnableGlobalInt  stm32f4xx_ll_usb.o
    0x080032ce   0x080032ce   0x00000002   PAD
    0x080032d0   0x080032d0   0x00000028   Code   RO          955    i.USB_FlushTxFifo   stm32f4xx_ll_usb.o
    0x080032f8   0x080032f8   0x00000018   Code   RO          957    i.USB_GetDevSpeed   stm32f4xx_ll_usb.o
    0x08003310   0x08003310   0x00000008   Code   RO          959    i.USB_GetMode       stm32f4xx_ll_usb.o
    0x08003318   0x08003318   0x0000000e   Code   RO          966    i.USB_ReadDevAllInEpInterrupt  stm32f4xx_ll_usb.o
    0x08003326   0x08003326   0x0000000e   Code   RO          967    i.USB_ReadDevAllOutEpInterrupt  stm32f4xx_ll_usb.o
    0x08003334   0x08003334   0x00000024   Code   RO          968    i.USB_ReadDevInEPInterrupt  stm32f4xx_ll_usb.o
    0x08003358   0x08003358   0x00000010   Code   RO          969    i.USB_ReadDevOutEPInterrupt  stm32f4xx_ll_usb.o
    0x08003368   0x08003368   0x00000008   Code   RO          970    i.USB_ReadInterrupts  stm32f4xx_ll_usb.o
    0x08003370   0x08003370   0x00000024   Code   RO          971    i.USB_ReadPacket    stm32f4xx_ll_usb.o
    0x08003394   0x08003394   0x00000030   Code   RO          973    i.USB_SetCurrentMode  stm32f4xx_ll_usb.o
    0x080033c4   0x080033c4   0x00000022   Code   RO          974    i.USB_SetDevAddress  stm32f4xx_ll_usb.o
    0x080033e6   0x080033e6   0x00000002   PAD
    0x080033e8   0x080033e8   0x000000e4   Code   RO          976    i.USB_SetTurnaroundTime  stm32f4xx_ll_usb.o
    0x080034cc   0x080034cc   0x00000030   Code   RO          979    i.USB_WritePacket   stm32f4xx_ll_usb.o
    0x080034fc   0x080034fc   0x00000002   Code   RO          198    i.UsageFault_Handler  stm32f4xx_it.o
    0x080034fe   0x080034fe   0x0000000e   Code   RO         3712    i.__scatterload_copy  mc_w.l(handlers.o)
    0x0800350c   0x0800350c   0x00000002   Code   RO         3713    i.__scatterload_null  mc_w.l(handlers.o)
    0x0800350e   0x0800350e   0x0000000e   Code   RO         3714    i.__scatterload_zeroinit  mc_w.l(handlers.o)
    0x0800351c   0x0800351c   0x00000120   Code   RO           15    i.main              main.o
    0x0800363c   0x0800363c   0x00000010   Data   RO         3296    .constdata          system_stm32f4xx.o
    0x0800364c   0x0800364c   0x00000020   Data   RO         3710    Region$$Table       anon$$obj.o


    Execution Region RW_IRAM1 (Exec base: 0x20000000, Load base: 0x0800366c, Size: 0x00001b08, Max: 0x00018000, ABSOLUTE, COMPRESSED[0x000000f0])

    Exec Addr    Load Addr    Size         Type   Attr      Idx    E Section Name        Object

    0x20000000   COMPRESSED   0x0000000e   Data   RW           18    .data               main.o
    0x2000000e   COMPRESSED   0x00000002   PAD
    0x20000010   COMPRESSED   0x00000004   Data   RW          199    .data               stm32f4xx_it.o
    0x20000014   COMPRESSED   0x0000001c   Data   RW          353    .data               usbd_desc.o
    0x20000030   COMPRESSED   0x00000032   Data   RW          354    .data               usbd_desc.o
    0x20000062   COMPRESSED   0x00000005   Data   RW          429    .data               usbd_custom_hid_if.o
    0x20000067   COMPRESSED   0x00000001   PAD
    0x20000068   COMPRESSED   0x0000006c   Data   RW          430    .data               usbd_custom_hid_if.o
    0x200000d4   COMPRESSED   0x00000010   Data   RW          431    .data               usbd_custom_hid_if.o
    0x200000e4   COMPRESSED   0x00000009   Data   RW         2122    .data               stm32f4xx_hal.o
    0x200000ed   COMPRESSED   0x00000003   PAD
    0x200000f0   COMPRESSED   0x00000004   Data   RW         3298    .data               system_stm32f4xx.o
    0x200000f4   COMPRESSED   0x00000001   Data   RW         3477    .data               usbd_ctlreq.o
    0x200000f5   COMPRESSED   0x00000003   PAD
    0x200000f8   COMPRESSED   0x00000038   Data   RW         3606    .data               usbd_customhid.o
    0x20000130   COMPRESSED   0x0000009a   Data   RW         3607    .data               usbd_customhid.o
    0x200001ca   COMPRESSED   0x00000002   PAD
    0x200001cc        -       0x00000048   Zero   RW           16    .bss                main.o
    0x20000214        -       0x000002d0   Zero   RW          311    .bss                usb_device.o
    0x200004e4        -       0x00000200   Zero   RW          352    .bss                usbd_desc.o
    0x200006e4        -       0x00000424   Zero   RW          499    .bss                usbd_conf.o
    0x20000b08        -       0x00001000   Zero   RW            1    STACK               startup_stm32f401xe.o


==============================================================================

Image component sizes


      Code (inc. data)   RO Data    RW Data    ZI Data      Debug   Object Name

       444         42          0         14         72     423892   main.o
        36          8        404          0       4096        848   startup_stm32f401xe.o
       212         36          0          9          0       9349   stm32f4xx_hal.o
       210         16          0          0          0      33587   stm32f4xx_hal_cortex.o
       534         18          0          0          0       2969   stm32f4xx_hal_gpio.o
       160         24          0          0          0       1672   stm32f4xx_hal_msp.o
      2410         10          0          0          0      11641   stm32f4xx_hal_pcd.o
        86          0          0          0          0       2533   stm32f4xx_hal_pcd_ex.o
      1536         86          0          0          0       4994   stm32f4xx_hal_rcc.o
       352         18          0          0          0       3650   stm32f4xx_hal_tim.o
       132          0          0          0          0       1404   stm32f4xx_hal_tim_ex.o
        76         14          0          4          0       5040   stm32f4xx_it.o
      2786        102          0          0          0      23114   stm32f4xx_ll_usb.o
        16          4         16          4          0       1163   system_stm32f4xx.o
        88         16          0          0        720        828   usb_device.o
       648         30          0          0       1060      16600   usbd_conf.o
       790          0          0          0          0      12937   usbd_core.o
      1372         30          0          1          0      14364   usbd_ctlreq.o
       124         18          0        129          0       2556   usbd_custom_hid_if.o
       640         30          0        210          0      11567   usbd_customhid.o
       340        128          0         78        512       6273   usbd_desc.o
       132          0          0          0          0       4612   usbd_ioreq.o

    ----------------------------------------------------------------------
     13144        630        452        460       6460     595593   Object Totals
         0          0         32          0          0          0   (incl. Generated)
        20          0          0         11          0          0   (incl. Padding)

    ----------------------------------------------------------------------

      Code (inc. data)   RO Data    RW Data    ZI Data      Debug   Library Member Name

        86          0          0          0          0          0   __dczerorl2.o
         0          0          0          0          0          0   entry.o
         0          0          0          0          0          0   entry10a.o
         0          0          0          0          0          0   entry11a.o
         4          0          0          0          0          0   entry12b.o
         8          4          0          0          0          0   entry2.o
         4          0          0          0          0          0   entry5.o
         0          0          0          0          0          0   entry7b.o
         0          0          0          0          0          0   entry8b.o
         8          4          0          0          0          0   entry9a.o
        30          0          0          0          0          0   handlers.o
        36          8          0          0          0         68   init.o
        30          0          0          0          0         68   llshl.o
        32          0          0          0          0         68   llushr.o
        98          0          0          0          0         92   uldiv.o

    ----------------------------------------------------------------------
       336         16          0          0          0        296   Library Totals
         0          0          0          0          0          0   (incl. Padding)

    ----------------------------------------------------------------------

      Code (inc. data)   RO Data    RW Data    ZI Data      Debug   Library Name

       336         16          0          0          0        296   mc_w.l

    ----------------------------------------------------------------------
       336         16          0          0          0        296   Library Totals

    ----------------------------------------------------------------------

==============================================================================


      Code (inc. data)   RO Data    RW Data    ZI Data      Debug   

     13480        646        452        460       6460     581521   Grand Totals
     13480        646        452        240       6460     581521   ELF Image Totals (compressed)
     13480        646        452        240          0          0   ROM Totals

==============================================================================

    Total RO  Size (Code + RO Data)                13932 (  13.61kB)
    Total RW  Size (RW Data + ZI Data)              6920 (   6.76kB)
    Total ROM Size (Code + RO Data + RW Data)      14172 (  13.84kB)

==============================================================================

